Component: ARM Compiler 5.06 update 6 (build 750) Tool: armlink [4d35ed]

==============================================================================

Section Cross References

    startup_stm32l051xx.o(RESET) refers to startup_stm32l051xx.o(STACK) for __initial_sp
    startup_stm32l051xx.o(RESET) refers to startup_stm32l051xx.o(.text) for Reset_Handler
    startup_stm32l051xx.o(RESET) refers to stm32l0xx_it.o(i.NMI_Handler) for NMI_Handler
    startup_stm32l051xx.o(RESET) refers to stm32l0xx_it.o(i.HardFault_Handler) for HardFault_Handler
    startup_stm32l051xx.o(RESET) refers to stm32l0xx_it.o(i.SVC_Handler) for SVC_Handler
    startup_stm32l051xx.o(RESET) refers to stm32l0xx_it.o(i.PendSV_Handler) for PendSV_Handler
    startup_stm32l051xx.o(RESET) refers to stm32l0xx_it.o(i.SysTick_Handler) for SysTick_Handler
    startup_stm32l051xx.o(RESET) refers to stm32l0xx_it.o(i.EXTI0_1_IRQHandler) for EXTI0_1_IRQHandler
    startup_stm32l051xx.o(RESET) refers to stm32l0xx_it.o(i.EXTI2_3_IRQHandler) for EXTI2_3_IRQHandler
    startup_stm32l051xx.o(RESET) refers to stm32l0xx_it.o(i.EXTI4_15_IRQHandler) for EXTI4_15_IRQHandler
    startup_stm32l051xx.o(RESET) refers to stm32l0xx_it.o(i.USART1_IRQHandler) for USART1_IRQHandler
    startup_stm32l051xx.o(.text) refers to system_stm32l0xx.o(i.SystemInit) for SystemInit
    startup_stm32l051xx.o(.text) refers to entry.o(.ARM.Collect$$$$00000000) for __main
    adxl362.o(i.ADXL362BurstRead) refers to stm32l0xx_hal_gpio.o(i.HAL_GPIO_WritePin) for HAL_GPIO_WritePin
    adxl362.o(i.ADXL362BurstRead) refers to spi.o(i.SpiFunction) for SpiFunction
    adxl362.o(i.ADXL362BurstWrite) refers to stm32l0xx_hal_gpio.o(i.HAL_GPIO_WritePin) for HAL_GPIO_WritePin
    adxl362.o(i.ADXL362BurstWrite) refers to spi.o(i.SpiFunction) for SpiFunction
    adxl362.o(i.ADXL362FifoRead) refers to stm32l0xx_hal_gpio.o(i.HAL_GPIO_WritePin) for HAL_GPIO_WritePin
    adxl362.o(i.ADXL362FifoRead) refers to spi.o(i.SpiFunction) for SpiFunction
    adxl362.o(i.ADXL362RegisterRead) refers to stm32l0xx_hal_gpio.o(i.HAL_GPIO_WritePin) for HAL_GPIO_WritePin
    adxl362.o(i.ADXL362RegisterRead) refers to spi.o(i.SpiFunction) for SpiFunction
    adxl362.o(i.ADXL362RegisterWrite) refers to stm32l0xx_hal_gpio.o(i.HAL_GPIO_WritePin) for HAL_GPIO_WritePin
    adxl362.o(i.ADXL362RegisterWrite) refers to spi.o(i.SpiFunction) for SpiFunction
    adxl362.o(i.ADXL362_Init) refers to adxl362.o(i.ADXL362RegisterWrite) for ADXL362RegisterWrite
    adxl362.o(i.ADXL362_Init) refers to stm32l0xx_hal.o(i.HAL_Delay) for HAL_Delay
    adxl362.o(i.ADXL362_ReInit) refers to adxl362.o(i.ADXL362RegisterWrite) for ADXL362RegisterWrite
    adxl362.o(i.ADXL362_ReInit) refers to stm32l0xx_hal.o(i.HAL_Delay) for HAL_Delay
    cc1101.o(i.CC1101ClrRXBuff) refers to cc1101.o(i.CC1101WriteCmd) for CC1101WriteCmd
    cc1101.o(i.CC1101ClrTXBuff) refers to cc1101.o(i.CC1101WriteCmd) for CC1101WriteCmd
    cc1101.o(i.CC1101GetRXCnt) refers to cc1101.o(i.CC1101ReadStatus) for CC1101ReadStatus
    cc1101.o(i.CC1101Init) refers to cc1101.o(i.CC1101Reset) for CC1101Reset
    cc1101.o(i.CC1101Init) refers to cc1101.o(i.CC1101WriteReg) for CC1101WriteReg
    cc1101.o(i.CC1101Init) refers to cc1101.o(i.CC1101SetAddress) for CC1101SetAddress
    cc1101.o(i.CC1101Init) refers to cc1101.o(i.CC1101SetSYNC) for CC1101SetSYNC
    cc1101.o(i.CC1101Init) refers to cc1101.o(i.CC1101WriteMultiReg) for CC1101WriteMultiReg
    cc1101.o(i.CC1101Init) refers to cc1101.o(i.CC1101ReadStatus) for CC1101ReadStatus
    cc1101.o(i.CC1101Init) refers to printf5.o(i.__0printf$5) for __2printf
    cc1101.o(i.CC1101Init) refers to cc1101.o(.constdata) for .constdata
    cc1101.o(i.CC1101Init) refers to cc1101.o(.data) for .data
    cc1101.o(i.CC1101ReadMultiReg) refers to stm32l0xx_hal_gpio.o(i.HAL_GPIO_WritePin) for HAL_GPIO_WritePin
    cc1101.o(i.CC1101ReadMultiReg) refers to spi.o(i.SPI_ExchangeByte) for SPI_ExchangeByte
    cc1101.o(i.CC1101ReadRSSI) refers to cc1101.o(i.CC1101ReadStatus) for CC1101ReadStatus
    cc1101.o(i.CC1101ReadReg) refers to stm32l0xx_hal_gpio.o(i.HAL_GPIO_WritePin) for HAL_GPIO_WritePin
    cc1101.o(i.CC1101ReadReg) refers to spi.o(i.SPI_ExchangeByte) for SPI_ExchangeByte
    cc1101.o(i.CC1101ReadStatus) refers to stm32l0xx_hal_gpio.o(i.HAL_GPIO_WritePin) for HAL_GPIO_WritePin
    cc1101.o(i.CC1101ReadStatus) refers to spi.o(i.SPI_ExchangeByte) for SPI_ExchangeByte
    cc1101.o(i.CC1101RecPacket) refers to cc1101.o(i.CC1101GetRXCnt) for CC1101GetRXCnt
    cc1101.o(i.CC1101RecPacket) refers to cc1101.o(i.CC1101ReadReg) for CC1101ReadReg
    cc1101.o(i.CC1101RecPacket) refers to cc1101.o(i.CC1101ReadMultiReg) for CC1101ReadMultiReg
    cc1101.o(i.CC1101RecPacket) refers to cc1101.o(i.CC1101ClrRXBuff) for CC1101ClrRXBuff
    cc1101.o(i.CC1101Reset) refers to stm32l0xx_hal_gpio.o(i.HAL_GPIO_WritePin) for HAL_GPIO_WritePin
    cc1101.o(i.CC1101Reset) refers to cc1101.o(i.CC1101WriteCmd) for CC1101WriteCmd
[...]
    dfixul.o(.text) refers to llshl.o(.text) for __aeabi_llsl
    init.o(.text) refers to entry5.o(.ARM.Collect$$$$00000004) for __main_after_scatterload
    depilogue.o(.text) refers to depilogue.o(i.__ARM_clz) for __ARM_clz
    depilogue.o(.text) refers to llshl.o(.text) for __aeabi_llsl
    depilogue.o(.text) refers to llushr.o(.text) for __aeabi_llsr


==============================================================================

Removing Unused input sections from the image.

    Removing startup_stm32l051xx.o(HEAP), (512 bytes).
    Removing adxl362.o(.rev16_text), (4 bytes).
    Removing adxl362.o(.revsh_text), (4 bytes).
    Removing adxl362.o(i.ADXL362BurstRead), (68 bytes).
    Removing adxl362.o(i.ADXL362BurstWrite), (88 bytes).
    Removing adxl362.o(i.ADXL362FifoRead), (64 bytes).
    Removing cc1101.o(.rev16_text), (4 bytes).
    Removing cc1101.o(.revsh_text), (4 bytes).
    Removing cc1101.o(i.CC1101ReadRSSI), (30 bytes).
    Removing main.o(.rev16_text), (4 bytes).
    Removing main.o(.revsh_text), (4 bytes).
    Removing main.o(i.DATAEEPROM_Read), (4 bytes).
    Removing main.o(i.Error_Handler), (2 bytes).
    Removing gpio.o(.rev16_text), (4 bytes).
    Removing gpio.o(.revsh_text), (4 bytes).
    Removing spi.o(.rev16_text), (4 bytes).
    Removing spi.o(.revsh_text), (4 bytes).
    Removing usart.o(.rev16_text), (4 bytes).
    Removing usart.o(.revsh_text), (4 bytes).
    Removing usart.o(i.MX_USART1_UART_DeInit), (92 bytes).
    Removing usart.o(i.PrintInfo), (44 bytes).
    Removing stm32l0xx_it.o(.rev16_text), (4 bytes).
    Removing stm32l0xx_it.o(.revsh_text), (4 bytes).
    Removing stm32l0xx_hal_msp.o(.rev16_text), (4 bytes).
    Removing stm32l0xx_hal_msp.o(.revsh_text), (4 bytes).
    Removing stm32l0xx_ll_gpio.o(.rev16_text), (4 bytes).
    Removing stm32l0xx_ll_gpio.o(.revsh_text), (4 bytes).
    Removing stm32l0xx_ll_gpio.o(i.LL_GPIO_DeInit), (112 bytes).
    Removing stm32l0xx_ll_gpio.o(i.LL_GPIO_StructInit), (24 bytes).
    Removing stm32l0xx_ll_gpio.o(i.LL_IOP_GRP1_ForceReset), (16 bytes).
    Removing stm32l0xx_ll_gpio.o(i.LL_IOP_GRP1_ReleaseReset), (16 bytes).
    Removing stm32l0xx_ll_spi.o(.rev16_text), (4 bytes).
    Removing stm32l0xx_ll_spi.o(.revsh_text), (4 bytes).
    Removing stm32l0xx_ll_spi.o(i.LL_I2S_ConfigPrescaler), (16 bytes).
    Removing stm32l0xx_ll_spi.o(i.LL_I2S_DeInit), (8 bytes).
    Removing stm32l0xx_ll_spi.o(i.LL_I2S_Init), (160 bytes).
    Removing stm32l0xx_ll_spi.o(i.LL_I2S_StructInit), (18 bytes).
    Removing stm32l0xx_ll_spi.o(i.LL_SPI_DeInit), (68 bytes).
    Removing stm32l0xx_ll_spi.o(i.LL_SPI_StructInit), (26 bytes).
    Removing stm32l0xx_ll_dma.o(.rev16_text), (4 bytes).
    Removing stm32l0xx_ll_dma.o(.revsh_text), (4 bytes).
    Removing stm32l0xx_ll_dma.o(i.LL_DMA_DeInit), (220 bytes).
    Removing stm32l0xx_ll_dma.o(i.LL_DMA_Init), (100 bytes).
    Removing stm32l0xx_ll_dma.o(i.LL_DMA_SetPeriphRequest), (24 bytes).
    Removing stm32l0xx_ll_dma.o(i.LL_DMA_StructInit), (26 bytes).
    Removing stm32l0xx_ll_dma.o(.constdata), (7 bytes).
    Removing stm32l0xx_hal.o(.rev16_text), (4 bytes).
    Removing stm32l0xx_hal.o(.revsh_text), (4 bytes).
    Removing stm32l0xx_hal.o(i.HAL_DBGMCU_DBG_DisableLowPowerConfig), (16 bytes).
    Removing stm32l0xx_hal.o(i.HAL_DBGMCU_DBG_EnableLowPowerConfig), (16 bytes).
    Removing stm32l0xx_hal.o(i.HAL_DBGMCU_DisableDBGSleepMode), (16 bytes).
    Removing stm32l0xx_hal.o(i.HAL_DBGMCU_DisableDBGStandbyMode), (16 bytes).
    Removing stm32l0xx_hal.o(i.HAL_DBGMCU_DisableDBGStopMode), (16 bytes).
    Removing stm32l0xx_hal.o(i.HAL_DBGMCU_EnableDBGSleepMode), (16 bytes).
    Removing stm32l0xx_hal.o(i.HAL_DBGMCU_EnableDBGStandbyMode), (16 bytes).
    Removing stm32l0xx_hal.o(i.HAL_DBGMCU_EnableDBGStopMode), (16 bytes).
    Removing stm32l0xx_hal.o(i.HAL_DeInit), (40 bytes).
    Removing stm32l0xx_hal.o(i.HAL_GetDEVID), (16 bytes).
    Removing stm32l0xx_hal.o(i.HAL_GetHalVersion), (8 bytes).
    Removing stm32l0xx_hal.o(i.HAL_GetREVID), (12 bytes).
    Removing stm32l0xx_hal.o(i.HAL_GetUIDw0), (12 bytes).
    Removing stm32l0xx_hal.o(i.HAL_GetUIDw1), (12 bytes).
    Removing stm32l0xx_hal.o(i.HAL_GetUIDw2), (12 bytes).
    Removing stm32l0xx_hal.o(i.HAL_MspDeInit), (2 bytes).
    Removing stm32l0xx_hal.o(i.HAL_MspInit), (2 bytes).
    Removing stm32l0xx_hal.o(i.HAL_ResumeTick), (16 bytes).
    Removing stm32l0xx_hal.o(i.HAL_SYSCFG_Disable_Lock_VREFINT), (16 bytes).
    Removing stm32l0xx_hal.o(i.HAL_SYSCFG_Enable_Lock_VREFINT), (16 bytes).
    Removing stm32l0xx_hal.o(i.HAL_SYSCFG_GetBootMode), (16 bytes).
    Removing stm32l0xx_hal.o(i.HAL_SYSCFG_VREFINT_OutputSelect), (24 bytes).
    Removing stm32l0xx_hal.o(i.HAL_SuspendTick), (16 bytes).
    Removing stm32l0xx_hal_i2c.o(.rev16_text), (4 bytes).
    Removing stm32l0xx_hal_i2c.o(.revsh_text), (4 bytes).
    Removing stm32l0xx_hal_i2c.o(i.HAL_I2C_AbortCpltCallback), (2 bytes).
    Removing stm32l0xx_hal_i2c.o(i.HAL_I2C_AddrCallback), (2 bytes).
    Removing stm32l0xx_hal_i2c.o(i.HAL_I2C_DeInit), (52 bytes).
    Removing stm32l0xx_hal_i2c.o(i.HAL_I2C_DisableListen_IT), (48 bytes).
    Removing stm32l0xx_hal_i2c.o(i.HAL_I2C_ER_IRQHandler), (94 bytes).
    Removing stm32l0xx_hal_i2c.o(i.HAL_I2C_EV_IRQHandler), (16 bytes).
    Removing stm32l0xx_hal_i2c.o(i.HAL_I2C_EnableListen_IT), (40 bytes).
    Removing stm32l0xx_hal_i2c.o(i.HAL_I2C_ErrorCallback), (2 bytes).
    Removing stm32l0xx_hal_i2c.o(i.HAL_I2C_GetError), (4 bytes).
    Removing stm32l0xx_hal_i2c.o(i.HAL_I2C_GetMode), (6 bytes).
    Removing stm32l0xx_hal_i2c.o(i.HAL_I2C_GetState), (6 bytes).
    Removing stm32l0xx_hal_i2c.o(i.HAL_I2C_Init), (180 bytes).
    Removing stm32l0xx_hal_i2c.o(i.HAL_I2C_IsDeviceReady), (288 bytes).
    Removing stm32l0xx_hal_i2c.o(i.HAL_I2C_ListenCpltCallback), (2 bytes).
    Removing stm32l0xx_hal_i2c.o(i.HAL_I2C_MasterRxCpltCallback), (2 bytes).
    Removing stm32l0xx_hal_i2c.o(i.HAL_I2C_MasterTxCpltCallback), (2 bytes).
    Removing stm32l0xx_hal_i2c.o(i.HAL_I2C_Master_Abort_IT), (92 bytes).
    Removing stm32l0xx_hal_i2c.o(i.HAL_I2C_Master_Receive), (272 bytes).
    Removing stm32l0xx_hal_i2c.o(i.HAL_I2C_Master_Receive_DMA), (280 bytes).
    Removing stm32l0xx_hal_i2c.o(i.HAL_I2C_Master_Receive_IT), (128 bytes).
    Removing stm32l0xx_hal_i2c.o(i.HAL_I2C_Master_Seq_Receive_DMA), (316 bytes).
    Removing stm32l0xx_hal_i2c.o(i.HAL_I2C_Master_Seq_Receive_IT), (156 bytes).
    Removing stm32l0xx_hal_i2c.o(i.HAL_I2C_Master_Seq_Transmit_DMA), (312 bytes).
    Removing stm32l0xx_hal_i2c.o(i.HAL_I2C_Master_Seq_Transmit_IT), (156 bytes).
    Removing stm32l0xx_hal_i2c.o(i.HAL_I2C_Master_Transmit), (272 bytes).
    Removing stm32l0xx_hal_i2c.o(i.HAL_I2C_Master_Transmit_DMA), (284 bytes).
    Removing stm32l0xx_hal_i2c.o(i.HAL_I2C_Master_Transmit_IT), (128 bytes).
    Removing stm32l0xx_hal_i2c.o(i.HAL_I2C_MemRxCpltCallback), (2 bytes).
    Removing stm32l0xx_hal_i2c.o(i.HAL_I2C_MemTxCpltCallback), (2 bytes).
    Removing stm32l0xx_hal_i2c.o(i.HAL_I2C_Mem_Read), (340 bytes).
    Removing stm32l0xx_hal_i2c.o(i.HAL_I2C_Mem_Read_DMA), (288 bytes).
    Removing stm32l0xx_hal_i2c.o(i.HAL_I2C_Mem_Read_IT), (188 bytes).
    Removing stm32l0xx_hal_i2c.o(i.HAL_I2C_Mem_Write), (332 bytes).
    Removing stm32l0xx_hal_i2c.o(i.HAL_I2C_Mem_Write_DMA), (280 bytes).
    Removing stm32l0xx_hal_i2c.o(i.HAL_I2C_Mem_Write_IT), (180 bytes).
    Removing stm32l0xx_hal_i2c.o(i.HAL_I2C_MspDeInit), (2 bytes).
    Removing stm32l0xx_hal_i2c.o(i.HAL_I2C_MspInit), (2 bytes).
    Removing stm32l0xx_hal_i2c.o(i.HAL_I2C_SlaveRxCpltCallback), (2 bytes).
    Removing stm32l0xx_hal_i2c.o(i.HAL_I2C_SlaveTxCpltCallback), (2 bytes).
    Removing stm32l0xx_hal_i2c.o(i.HAL_I2C_Slave_Receive), (276 bytes).
    Removing stm32l0xx_hal_i2c.o(i.HAL_I2C_Slave_Receive_DMA), (200 bytes).
    Removing stm32l0xx_hal_i2c.o(i.HAL_I2C_Slave_Receive_IT), (88 bytes).
    Removing stm32l0xx_hal_i2c.o(i.HAL_I2C_Slave_Seq_Receive_DMA), (360 bytes).
    Removing stm32l0xx_hal_i2c.o(i.HAL_I2C_Slave_Seq_Receive_IT), (200 bytes).
    Removing stm32l0xx_hal_i2c.o(i.HAL_I2C_Slave_Seq_Transmit_DMA), (364 bytes).
    Removing stm32l0xx_hal_i2c.o(i.HAL_I2C_Slave_Seq_Transmit_IT), (204 bytes).
    Removing stm32l0xx_hal_i2c.o(i.HAL_I2C_Slave_Transmit), (294 bytes).
    Removing stm32l0xx_hal_i2c.o(i.HAL_I2C_Slave_Transmit_DMA), (196 bytes).
    Removing stm32l0xx_hal_i2c.o(i.HAL_I2C_Slave_Transmit_IT), (88 bytes).
    Removing stm32l0xx_hal_i2c.o(i.I2C_ConvertOtherXferOptions), (28 bytes).
    Removing stm32l0xx_hal_i2c.o(i.I2C_DMAAbort), (40 bytes).
    Removing stm32l0xx_hal_i2c.o(i.I2C_DMAError), (24 bytes).
    Removing stm32l0xx_hal_i2c.o(i.I2C_DMAMasterReceiveCplt), (80 bytes).
    Removing stm32l0xx_hal_i2c.o(i.I2C_DMAMasterTransmitCplt), (80 bytes).
    Removing stm32l0xx_hal_i2c.o(i.I2C_DMASlaveReceiveCplt), (42 bytes).
    Removing stm32l0xx_hal_i2c.o(i.I2C_DMASlaveTransmitCplt), (36 bytes).
    Removing stm32l0xx_hal_i2c.o(i.I2C_Disable_IRQ), (84 bytes).
    Removing stm32l0xx_hal_i2c.o(i.I2C_Enable_IRQ), (100 bytes).
    Removing stm32l0xx_hal_i2c.o(i.I2C_Flush_TXDR), (34 bytes).
    Removing stm32l0xx_hal_i2c.o(i.I2C_ITAddrCplt), (122 bytes).
    Removing stm32l0xx_hal_i2c.o(i.I2C_ITError), (208 bytes).
    Removing stm32l0xx_hal_i2c.o(i.I2C_ITListenCplt), (100 bytes).
    Removing stm32l0xx_hal_i2c.o(i.I2C_ITMasterCplt), (164 bytes).
    Removing stm32l0xx_hal_i2c.o(i.I2C_ITMasterSeqCplt), (70 bytes).
    Removing stm32l0xx_hal_i2c.o(i.I2C_ITSlaveCplt), (244 bytes).
    Removing stm32l0xx_hal_i2c.o(i.I2C_ITSlaveSeqCplt), (74 bytes).
    Removing stm32l0xx_hal_i2c.o(i.I2C_IsAcknowledgeFailed), (112 bytes).
    Removing stm32l0xx_hal_i2c.o(i.I2C_Master_ISR_DMA), (268 bytes).
    Removing stm32l0xx_hal_i2c.o(i.I2C_Master_ISR_IT), (304 bytes).
    Removing stm32l0xx_hal_i2c.o(i.I2C_RequestMemoryRead), (96 bytes).
    Removing stm32l0xx_hal_i2c.o(i.I2C_RequestMemoryWrite), (96 bytes).
    Removing stm32l0xx_hal_i2c.o(i.I2C_Slave_ISR_DMA), (232 bytes).
    Removing stm32l0xx_hal_i2c.o(i.I2C_Slave_ISR_IT), (298 bytes).
    Removing stm32l0xx_hal_i2c.o(i.I2C_TransferConfig), (40 bytes).
    Removing stm32l0xx_hal_i2c.o(i.I2C_WaitOnFlagUntilTimeout), (78 bytes).
    Removing stm32l0xx_hal_i2c.o(i.I2C_WaitOnRXNEFlagUntilTimeout), (128 bytes).
    Removing stm32l0xx_hal_i2c.o(i.I2C_WaitOnSTOPFlagUntilTimeout), (76 bytes).
    Removing stm32l0xx_hal_i2c.o(i.I2C_WaitOnTXISFlagUntilTimeout), (80 bytes).
    Removing stm32l0xx_hal_i2c_ex.o(.rev16_text), (4 bytes).
    Removing stm32l0xx_hal_i2c_ex.o(.revsh_text), (4 bytes).
    Removing stm32l0xx_hal_i2c_ex.o(i.HAL_I2CEx_ConfigAnalogFilter), (74 bytes).
    Removing stm32l0xx_hal_i2c_ex.o(i.HAL_I2CEx_ConfigDigitalFilter), (72 bytes).
    Removing stm32l0xx_hal_i2c_ex.o(i.HAL_I2CEx_DisableFastModePlus), (28 bytes).
    Removing stm32l0xx_hal_i2c_ex.o(i.HAL_I2CEx_DisableWakeUp), (66 bytes).
    Removing stm32l0xx_hal_i2c_ex.o(i.HAL_I2CEx_EnableFastModePlus), (28 bytes).
    Removing stm32l0xx_hal_i2c_ex.o(i.HAL_I2CEx_EnableWakeUp), (66 bytes).
    Removing stm32l0xx_hal_rcc.o(.rev16_text), (4 bytes).
    Removing stm32l0xx_hal_rcc.o(.revsh_text), (4 bytes).
    Removing stm32l0xx_hal_rcc.o(i.HAL_RCC_CSSCallback), (2 bytes).
    Removing stm32l0xx_hal_rcc.o(i.HAL_RCC_DeInit), (204 bytes).
    Removing stm32l0xx_hal_rcc.o(i.HAL_RCC_EnableCSS), (20 bytes).
    Removing stm32l0xx_hal_rcc.o(i.HAL_RCC_GetClockConfig), (64 bytes).
    Removing stm32l0xx_hal_rcc.o(i.HAL_RCC_GetHCLKFreq), (12 bytes).
    Removing stm32l0xx_hal_rcc.o(i.HAL_RCC_GetOscConfig), (184 bytes).
    Removing stm32l0xx_hal_rcc.o(i.HAL_RCC_GetPCLK1Freq), (32 bytes).
    Removing stm32l0xx_hal_rcc.o(i.HAL_RCC_GetPCLK2Freq), (32 bytes).
    Removing stm32l0xx_hal_rcc.o(i.HAL_RCC_MCOConfig), (96 bytes).
    Removing stm32l0xx_hal_rcc.o(i.HAL_RCC_NMI_IRQHandler), (24 bytes).
    Removing stm32l0xx_hal_rcc_ex.o(.rev16_text), (4 bytes).
    Removing stm32l0xx_hal_rcc_ex.o(.revsh_text), (4 bytes).
    Removing stm32l0xx_hal_rcc_ex.o(i.HAL_RCCEx_DisableLSECSS), (32 bytes).
    Removing stm32l0xx_hal_rcc_ex.o(i.HAL_RCCEx_EnableLSECSS), (20 bytes).
    Removing stm32l0xx_hal_rcc_ex.o(i.HAL_RCCEx_EnableLSECSS_IT), (52 bytes).
    Removing stm32l0xx_hal_rcc_ex.o(i.HAL_RCCEx_GetPeriphCLKConfig), (92 bytes).
    Removing stm32l0xx_hal_rcc_ex.o(i.HAL_RCCEx_GetPeriphCLKFreq), (324 bytes).
    Removing stm32l0xx_hal_rcc_ex.o(i.HAL_RCCEx_LSECSS_Callback), (2 bytes).
    Removing stm32l0xx_hal_rcc_ex.o(i.HAL_RCCEx_LSECSS_IRQHandler), (24 bytes).
    Removing stm32l0xx_hal_flash_ramfunc.o(.rev16_text), (4 bytes).
    Removing stm32l0xx_hal_flash_ramfunc.o(.revsh_text), (4 bytes).
    Removing stm32l0xx_hal_flash_ramfunc.o(i.FLASHRAM_SetErrorCode), (144 bytes).
    Removing stm32l0xx_hal_flash_ramfunc.o(i.FLASHRAM_WaitForLastOperation), (96 bytes).
    Removing stm32l0xx_hal_flash_ramfunc.o(i.HAL_FLASHEx_DisableRunPowerDown), (36 bytes).
    Removing stm32l0xx_hal_flash_ramfunc.o(i.HAL_FLASHEx_EnableRunPowerDown), (36 bytes).
    Removing stm32l0xx_hal_flash_ramfunc.o(i.HAL_FLASHEx_GetError), (16 bytes).
    Removing stm32l0xx_hal_flash_ramfunc.o(i.HAL_FLASHEx_HalfPageProgram), (84 bytes).
    Removing stm32l0xx_hal_flash.o(.rev16_text), (4 bytes).
    Removing stm32l0xx_hal_flash.o(.revsh_text), (4 bytes).
    Removing stm32l0xx_hal_flash.o(i.HAL_FLASH_EndOfOperationCallback), (2 bytes).
    Removing stm32l0xx_hal_flash.o(i.HAL_FLASH_GetError), (12 bytes).
    Removing stm32l0xx_hal_flash.o(i.HAL_FLASH_IRQHandler), (220 bytes).
    Removing stm32l0xx_hal_flash.o(i.HAL_FLASH_Lock), (28 bytes).
    Removing stm32l0xx_hal_flash.o(i.HAL_FLASH_OB_Launch), (32 bytes).
    Removing stm32l0xx_hal_flash.o(i.HAL_FLASH_OB_Lock), (20 bytes).
    Removing stm32l0xx_hal_flash.o(i.HAL_FLASH_OB_Unlock), (68 bytes).
    Removing stm32l0xx_hal_flash.o(i.HAL_FLASH_OperationErrorCallback), (2 bytes).
    Removing stm32l0xx_hal_flash.o(i.HAL_FLASH_Program), (60 bytes).
    Removing stm32l0xx_hal_flash.o(i.HAL_FLASH_Program_IT), (60 bytes).
    Removing stm32l0xx_hal_flash.o(i.HAL_FLASH_Unlock), (92 bytes).
    Removing stm32l0xx_hal_flash_ex.o(.rev16_text), (4 bytes).
    Removing stm32l0xx_hal_flash_ex.o(.revsh_text), (4 bytes).
    Removing stm32l0xx_hal_flash_ex.o(i.FLASH_OB_ProtectedSectorsConfig), (80 bytes).
    Removing stm32l0xx_hal_flash_ex.o(i.FLASH_PageErase), (44 bytes).
    Removing stm32l0xx_hal_flash_ex.o(i.HAL_FLASHEx_AdvOBGetConfig), (24 bytes).
    Removing stm32l0xx_hal_flash_ex.o(i.HAL_FLASHEx_AdvOBProgram), (24 bytes).
    Removing stm32l0xx_hal_flash_ex.o(i.HAL_FLASHEx_Erase), (120 bytes).
    Removing stm32l0xx_hal_flash_ex.o(i.HAL_FLASHEx_Erase_IT), (92 bytes).
    Removing stm32l0xx_hal_flash_ex.o(i.HAL_FLASHEx_OBGetConfig), (56 bytes).
    Removing stm32l0xx_hal_flash_ex.o(i.HAL_FLASHEx_OBProgram), (292 bytes).
    Removing stm32l0xx_hal_flash_ex.o(i.HAL_FLASHEx_OB_DeSelectPCROP), (52 bytes).
    Removing stm32l0xx_hal_flash_ex.o(i.HAL_FLASHEx_OB_SelectPCROP), (56 bytes).
    Removing stm32l0xx_hal_gpio.o(.rev16_text), (4 bytes).
    Removing stm32l0xx_hal_gpio.o(.revsh_text), (4 bytes).
    Removing stm32l0xx_hal_gpio.o(i.HAL_GPIO_DeInit), (228 bytes).
    Removing stm32l0xx_hal_gpio.o(i.HAL_GPIO_EXTI_Callback), (2 bytes).
    Removing stm32l0xx_hal_gpio.o(i.HAL_GPIO_EXTI_IRQHandler), (24 bytes).
    Removing stm32l0xx_hal_gpio.o(i.HAL_GPIO_Init), (376 bytes).
    Removing stm32l0xx_hal_gpio.o(i.HAL_GPIO_LockPin), (36 bytes).
    Removing stm32l0xx_hal_gpio.o(i.HAL_GPIO_TogglePin), (8 bytes).
    Removing stm32l0xx_hal_dma.o(.rev16_text), (4 bytes).
    Removing stm32l0xx_hal_dma.o(.revsh_text), (4 bytes).
    Removing stm32l0xx_hal_dma.o(i.DMA_SetConfig), (44 bytes).
    Removing stm32l0xx_hal_dma.o(i.HAL_DMA_Abort), (68 bytes).
    Removing stm32l0xx_hal_dma.o(i.HAL_DMA_Abort_IT), (76 bytes).
    Removing stm32l0xx_hal_dma.o(i.HAL_DMA_DeInit), (104 bytes).
    Removing stm32l0xx_hal_dma.o(i.HAL_DMA_GetError), (4 bytes).
    Removing stm32l0xx_hal_dma.o(i.HAL_DMA_GetState), (6 bytes).
    Removing stm32l0xx_hal_dma.o(i.HAL_DMA_IRQHandler), (168 bytes).
    Removing stm32l0xx_hal_dma.o(i.HAL_DMA_Init), (144 bytes).
    Removing stm32l0xx_hal_dma.o(i.HAL_DMA_PollForTransfer), (190 bytes).
    Removing stm32l0xx_hal_dma.o(i.HAL_DMA_RegisterCallback), (72 bytes).
    Removing stm32l0xx_hal_dma.o(i.HAL_DMA_Start), (74 bytes).
    Removing stm32l0xx_hal_dma.o(i.HAL_DMA_Start_IT), (104 bytes).
    Removing stm32l0xx_hal_dma.o(i.HAL_DMA_UnRegisterCallback), (78 bytes).
    Removing stm32l0xx_hal_pwr.o(.rev16_text), (4 bytes).
    Removing stm32l0xx_hal_pwr.o(.revsh_text), (4 bytes).
    Removing stm32l0xx_hal_pwr.o(i.HAL_PWR_ConfigPVD), (104 bytes).
    Removing stm32l0xx_hal_pwr.o(i.HAL_PWR_DeInit), (24 bytes).
    Removing stm32l0xx_hal_pwr.o(i.HAL_PWR_DisableBkUpAccess), (16 bytes).
    Removing stm32l0xx_hal_pwr.o(i.HAL_PWR_DisablePVD), (16 bytes).
    Removing stm32l0xx_hal_pwr.o(i.HAL_PWR_DisableSEVOnPend), (16 bytes).
    Removing stm32l0xx_hal_pwr.o(i.HAL_PWR_DisableSleepOnExit), (16 bytes).
    Removing stm32l0xx_hal_pwr.o(i.HAL_PWR_DisableWakeUpPin), (16 bytes).
    Removing stm32l0xx_hal_pwr.o(i.HAL_PWR_EnableBkUpAccess), (16 bytes).
    Removing stm32l0xx_hal_pwr.o(i.HAL_PWR_EnablePVD), (16 bytes).
    Removing stm32l0xx_hal_pwr.o(i.HAL_PWR_EnableSEVOnPend), (16 bytes).
    Removing stm32l0xx_hal_pwr.o(i.HAL_PWR_EnableSleepOnExit), (16 bytes).
    Removing stm32l0xx_hal_pwr.o(i.HAL_PWR_EnableWakeUpPin), (16 bytes).
    Removing stm32l0xx_hal_pwr.o(i.HAL_PWR_EnterSLEEPMode), (48 bytes).
    Removing stm32l0xx_hal_pwr.o(i.HAL_PWR_EnterSTANDBYMode), (32 bytes).
    Removing stm32l0xx_hal_pwr.o(i.HAL_PWR_EnterSTOPMode), (52 bytes).
    Removing stm32l0xx_hal_pwr.o(i.HAL_PWR_PVDCallback), (2 bytes).
    Removing stm32l0xx_hal_pwr.o(i.HAL_PWR_PVD_IRQHandler), (28 bytes).
    Removing stm32l0xx_hal_pwr_ex.o(.rev16_text), (4 bytes).
    Removing stm32l0xx_hal_pwr_ex.o(.revsh_text), (4 bytes).
    Removing stm32l0xx_hal_pwr_ex.o(i.HAL_PWREx_DisableFastWakeUp), (16 bytes).
    Removing stm32l0xx_hal_pwr_ex.o(i.HAL_PWREx_DisableLowPowerRunMode), (76 bytes).
    Removing stm32l0xx_hal_pwr_ex.o(i.HAL_PWREx_DisableUltraLowPower), (16 bytes).
    Removing stm32l0xx_hal_pwr_ex.o(i.HAL_PWREx_EnableFastWakeUp), (16 bytes).
    Removing stm32l0xx_hal_pwr_ex.o(i.HAL_PWREx_EnableLowPowerRunMode), (24 bytes).
    Removing stm32l0xx_hal_pwr_ex.o(i.HAL_PWREx_EnableUltraLowPower), (16 bytes).
    Removing stm32l0xx_hal_pwr_ex.o(i.HAL_PWREx_GetVoltageRange), (16 bytes).
    Removing stm32l0xx_hal_cortex.o(.rev16_text), (4 bytes).
    Removing stm32l0xx_hal_cortex.o(.revsh_text), (4 bytes).
    Removing stm32l0xx_hal_cortex.o(i.HAL_MPU_ConfigRegion), (80 bytes).
    Removing stm32l0xx_hal_cortex.o(i.HAL_MPU_Disable), (16 bytes).
    Removing stm32l0xx_hal_cortex.o(i.HAL_MPU_Enable), (24 bytes).
    Removing stm32l0xx_hal_cortex.o(i.HAL_NVIC_ClearPendingIRQ), (20 bytes).
    Removing stm32l0xx_hal_cortex.o(i.HAL_NVIC_DisableIRQ), (20 bytes).
    Removing stm32l0xx_hal_cortex.o(i.HAL_NVIC_EnableIRQ), (20 bytes).
    Removing stm32l0xx_hal_cortex.o(i.HAL_NVIC_GetPendingIRQ), (28 bytes).
    Removing stm32l0xx_hal_cortex.o(i.HAL_NVIC_GetPriority), (52 bytes).
    Removing stm32l0xx_hal_cortex.o(i.HAL_NVIC_SetPendingIRQ), (20 bytes).
    Removing stm32l0xx_hal_cortex.o(i.HAL_NVIC_SystemReset), (28 bytes).
    Removing stm32l0xx_hal_cortex.o(i.HAL_SYSTICK_CLKSourceConfig), (24 bytes).
    Removing stm32l0xx_hal_cortex.o(i.HAL_SYSTICK_Callback), (2 bytes).
    Removing stm32l0xx_hal_cortex.o(i.HAL_SYSTICK_IRQHandler), (8 bytes).
    Removing stm32l0xx_ll_rcc.o(.rev16_text), (4 bytes).
    Removing stm32l0xx_ll_rcc.o(.revsh_text), (4 bytes).
    Removing stm32l0xx_ll_rcc.o(i.LL_RCC_DeInit), (144 bytes).
    Removing stm32l0xx_ll_rcc.o(i.LL_RCC_GetI2CClockFreq), (100 bytes).
    Removing stm32l0xx_ll_rcc.o(i.LL_RCC_GetLPTIMClockFreq), (120 bytes).
    Removing stm32l0xx_ll_rcc.o(i.LL_RCC_GetLPUARTClockFreq), (100 bytes).
    Removing stm32l0xx_ll_rcc.o(i.LL_RCC_GetSystemClocksFreq), (32 bytes).
    Removing stm32l0xx_ll_utils.o(.rev16_text), (4 bytes).
    Removing stm32l0xx_ll_utils.o(.revsh_text), (4 bytes).
    Removing stm32l0xx_ll_utils.o(i.LL_Init1msTick), (32 bytes).
    Removing stm32l0xx_ll_utils.o(i.LL_PLL_ConfigSystemClock_HSE), (100 bytes).
    Removing stm32l0xx_ll_utils.o(i.LL_PLL_ConfigSystemClock_HSI), (80 bytes).
    Removing stm32l0xx_ll_utils.o(i.LL_RCC_PLL_ConfigDomain_SYS), (28 bytes).
    Removing stm32l0xx_ll_utils.o(i.LL_SetSystemCoreClock), (12 bytes).
    Removing stm32l0xx_ll_utils.o(i.LL_mDelay), (32 bytes).
    Removing stm32l0xx_ll_utils.o(i.UTILS_EnablePLLAndSwitchSystem), (148 bytes).
    Removing stm32l0xx_ll_utils.o(i.UTILS_GetPLLOutputFrequency), (28 bytes).
    Removing stm32l0xx_ll_utils.o(i.UTILS_PLL_IsBusy), (20 bytes).
    Removing stm32l0xx_ll_utils.o(i.UTILS_SetFlashLatency), (104 bytes).
    Removing stm32l0xx_ll_exti.o(.rev16_text), (4 bytes).
    Removing stm32l0xx_ll_exti.o(.revsh_text), (4 bytes).
    Removing stm32l0xx_ll_exti.o(i.LL_EXTI_DeInit), (36 bytes).
    Removing stm32l0xx_ll_exti.o(i.LL_EXTI_StructInit), (14 bytes).
    Removing stm32l0xx_hal_tim.o(.rev16_text), (4 bytes).
    Removing stm32l0xx_hal_tim.o(.revsh_text), (4 bytes).
    Removing stm32l0xx_hal_tim_ex.o(.rev16_text), (4 bytes).
    Removing stm32l0xx_hal_tim_ex.o(.revsh_text), (4 bytes).
    Removing stm32l0xx_ll_usart.o(.rev16_text), (4 bytes).
    Removing stm32l0xx_ll_usart.o(.revsh_text), (4 bytes).
    Removing stm32l0xx_ll_usart.o(i.LL_USART_ClockInit), (62 bytes).
    Removing stm32l0xx_ll_usart.o(i.LL_USART_ClockStructInit), (12 bytes).
    Removing stm32l0xx_ll_usart.o(i.LL_USART_StructInit), (24 bytes).
    Removing system_stm32l0xx.o(.rev16_text), (4 bytes).
    Removing system_stm32l0xx.o(.revsh_text), (4 bytes).
    Removing system_stm32l0xx.o(i.SystemCoreClockUpdate), (156 bytes).
    Removing dadd.o(.text), (356 bytes).
    Removing dmul.o(.text), (208 bytes).
    Removing ddiv.o(.text), (240 bytes).
    Removing dfixul.o(.text), (64 bytes).
    Removing cdrcmple.o(.text), (40 bytes).
    Removing depilogue.o(.text), (190 bytes).
    Removing depilogue.o(i.__ARM_clz), (46 bytes).

321 unused section(s) (total 21415 bytes) removed from the image.

==============================================================================

Image Symbol Table

    Local Symbols

    Symbol Name                              Value     Ov Type        Size  Object(Section)

    ../Core/Src/gpio.c                       0x00000000   Number         0  gpio.o ABSOLUTE
    ../Core/Src/main.c                       0x00000000   Number         0  main.o ABSOLUTE
    ../Core/Src/spi.c                        0x00000000   Number         0  spi.o ABSOLUTE
    ../Core/Src/stm32l0xx_hal_msp.c          0x00000000   Number         0  stm32l0xx_hal_msp.o ABSOLUTE
    ../Core/Src/stm32l0xx_it.c               0x00000000   Number         0  stm32l0xx_it.o ABSOLUTE
    ../Core/Src/system_stm32l0xx.c           0x00000000   Number         0  system_stm32l0xx.o ABSOLUTE
    ../Core/Src/usart.c                      0x00000000   Number         0  usart.o ABSOLUTE
    ../Drivers/STM32L0xx_HAL_Driver/Src/stm32l0xx_hal.c 0x00000000   Number         0  stm32l0xx_hal.o ABSOLUTE
    ../Drivers/STM32L0xx_HAL_Driver/Src/stm32l0xx_hal_cortex.c 0x00000000   Number         0  stm32l0xx_hal_cortex.o ABSOLUTE
    ../Drivers/STM32L0xx_HAL_Driver/Src/stm32l0xx_hal_dma.c 0x00000000   Number         0  stm32l0xx_hal_dma.o ABSOLUTE
    ../Drivers/STM32L0xx_HAL_Driver/Src/stm32l0xx_hal_flash.c 0x00000000   Number         0  stm32l0xx_hal_flash.o ABSOLUTE
    ../Drivers/STM32L0xx_HAL_Driver/Src/stm32l0xx_hal_flash_ex.c 0x00000000   Number         0  stm32l0xx_hal_flash_ex.o ABSOLUTE
    ../Drivers/STM32L0xx_HAL_Driver/Src/stm32l0xx_hal_flash_ramfunc.c 0x00000000   Number         0  stm32l0xx_hal_flash_ramfunc.o ABSOLUTE
    ../Drivers/STM32L0xx_HAL_Driver/Src/stm32l0xx_hal_gpio.c 0x00000000   Number         0  stm32l0xx_hal_gpio.o ABSOLUTE
    ../Drivers/STM32L0xx_HAL_Driver/Src/stm32l0xx_hal_i2c.c 0x00000000   Number         0  stm32l0xx_hal_i2c.o ABSOLUTE
    ../Drivers/STM32L0xx_HAL_Driver/Src/stm32l0xx_hal_i2c_ex.c 0x00000000   Number         0  stm32l0xx_hal_i2c_ex.o ABSOLUTE
    ../Drivers/STM32L0xx_HAL_Driver/Src/stm32l0xx_hal_pwr.c 0x00000000   Number         0  stm32l0xx_hal_pwr.o ABSOLUTE
    ../Drivers/STM32L0xx_HAL_Driver/Src/stm32l0xx_hal_pwr_ex.c 0x00000000   Number         0  stm32l0xx_hal_pwr_ex.o ABSOLUTE
    ../Drivers/STM32L0xx_HAL_Driver/Src/stm32l0xx_hal_rcc.c 0x00000000   Number         0  stm32l0xx_hal_rcc.o ABSOLUTE
    ../Drivers/STM32L0xx_HAL_Driver/Src/stm32l0xx_hal_rcc_ex.c 0x00000000   Number         0  stm32l0xx_hal_rcc_ex.o ABSOLUTE
    ../Drivers/STM32L0xx_HAL_Driver/Src/stm32l0xx_hal_tim.c 0x00000000   Number         0  stm32l0xx_hal_tim.o ABSOLUTE
    ../Drivers/STM32L0xx_HAL_Driver/Src/stm32l0xx_hal_tim_ex.c 0x00000000   Number         0  stm32l0xx_hal_tim_ex.o ABSOLUTE
    ../Drivers/STM32L0xx_HAL_Driver/Src/stm32l0xx_ll_dma.c 0x00000000   Number         0  stm32l0xx_ll_dma.o ABSOLUTE
    ../Drivers/STM32L0xx_HAL_Driver/Src/stm32l0xx_ll_exti.c 0x00000000   Number         0  stm32l0xx_ll_exti.o ABSOLUTE
    ../Drivers/STM32L0xx_HAL_Driver/Src/stm32l0xx_ll_gpio.c 0x00000000   Number         0  stm32l0xx_ll_gpio.o ABSOLUTE
    ../Drivers/STM32L0xx_HAL_Driver/Src/stm32l0xx_ll_rcc.c 0x00000000   Number         0  stm32l0xx_ll_rcc.o ABSOLUTE
    ../Drivers/STM32L0xx_HAL_Driver/Src/stm32l0xx_ll_spi.c 0x00000000   Number         0  stm32l0xx_ll_spi.o ABSOLUTE
    ../Drivers/STM32L0xx_HAL_Driver/Src/stm32l0xx_ll_usart.c 0x00000000   Number         0  stm32l0xx_ll_usart.o ABSOLUTE
    ../Drivers/STM32L0xx_HAL_Driver/Src/stm32l0xx_ll_utils.c 0x00000000   Number         0  stm32l0xx_ll_utils.o ABSOLUTE
    ../clib/microlib/division.c              0x00000000   Number         0  uidiv.o ABSOLUTE
    ../clib/microlib/division.c              0x00000000   Number         0  uldiv.o ABSOLUTE
    ../clib/microlib/init/entry.s            0x00000000   Number         0  entry7a.o ABSOLUTE
    ../clib/microlib/init/entry.s            0x00000000   Number         0  entry7b.o ABSOLUTE
    ../clib/microlib/init/entry.s            0x00000000   Number         0  entry8a.o ABSOLUTE
    ../clib/microlib/init/entry.s            0x00000000   Number         0  entry9a.o ABSOLUTE
    ../clib/microlib/init/entry.s            0x00000000   Number         0  entry9b.o ABSOLUTE
    ../clib/microlib/init/entry.s            0x00000000   Number         0  entry10a.o ABSOLUTE
    ../clib/microlib/init/entry.s            0x00000000   Number         0  entry10b.o ABSOLUTE
    ../clib/microlib/init/entry.s            0x00000000   Number         0  entry11a.o ABSOLUTE
    ../clib/microlib/init/entry.s            0x00000000   Number         0  entry11b.o ABSOLUTE
    ../clib/microlib/init/entry.s            0x00000000   Number         0  entry8b.o ABSOLUTE
    ../clib/microlib/init/entry.s            0x00000000   Number         0  entry.o ABSOLUTE
    ../clib/microlib/init/entry.s            0x00000000   Number         0  entry2.o ABSOLUTE
    ../clib/microlib/init/entry.s            0x00000000   Number         0  entry5.o ABSOLUTE
    ../clib/microlib/longlong.c              0x00000000   Number         0  llushr.o ABSOLUTE
    ../clib/microlib/longlong.c              0x00000000   Number         0  llshl.o ABSOLUTE
    ../clib/microlib/longlong.c              0x00000000   Number         0  llsshr.o ABSOLUTE
    ../clib/microlib/printf/printf.c         0x00000000   Number         0  printf7.o ABSOLUTE
    ../clib/microlib/printf/printf.c         0x00000000   Number         0  printf6.o ABSOLUTE
    ../clib/microlib/printf/printf.c         0x00000000   Number         0  printfa.o ABSOLUTE
    ../clib/microlib/printf/printf.c         0x00000000   Number         0  printfb.o ABSOLUTE
    ../clib/microlib/printf/printf.c         0x00000000   Number         0  printf0.o ABSOLUTE
    ../clib/microlib/printf/printf.c         0x00000000   Number         0  printf1.o ABSOLUTE
    ../clib/microlib/printf/printf.c         0x00000000   Number         0  printf2.o ABSOLUTE
    ../clib/microlib/printf/printf.c         0x00000000   Number         0  printf3.o ABSOLUTE
    ../clib/microlib/printf/printf.c         0x00000000   Number         0  printf4.o ABSOLUTE
    ../clib/microlib/printf/printf.c         0x00000000   Number         0  printf5.o ABSOLUTE
    ../clib/microlib/printf/printf.c         0x00000000   Number         0  printf8.o ABSOLUTE
    ../clib/microlib/printf/stubs.s          0x00000000   Number         0  stubs.o ABSOLUTE
    ../clib/microlib/stdio/streams.c         0x00000000   Number         0  stdout.o ABSOLUTE
    ../clib/microlib/string/memset.c         0x00000000   Number         0  memseta.o ABSOLUTE
    ../clib/microlib/stubs.s                 0x00000000   Number         0  iusefp.o ABSOLUTE
    ../fplib/microlib/fpadd.c                0x00000000   Number         0  dadd.o ABSOLUTE
    ../fplib/microlib/fpdiv.c                0x00000000   Number         0  ddiv.o ABSOLUTE
    ../fplib/microlib/fpepilogue.c           0x00000000   Number         0  depilogue.o ABSOLUTE
    ../fplib/microlib/fpfix.c                0x00000000   Number         0  dfixul.o ABSOLUTE
    ../fplib/microlib/fpmul.c                0x00000000   Number         0  dmul.o ABSOLUTE
    ..\Core\Src\adxl362.c                    0x00000000   Number         0  adxl362.o ABSOLUTE
    ..\Core\Src\cc1101.c                     0x00000000   Number         0  cc1101.o ABSOLUTE
    ..\Core\Src\gpio.c                       0x00000000   Number         0  gpio.o ABSOLUTE
    ..\Core\Src\main.c                       0x00000000   Number         0  main.o ABSOLUTE
    ..\Core\Src\spi.c                        0x00000000   Number         0  spi.o ABSOLUTE
    ..\Core\Src\stm32l0xx_hal_msp.c          0x00000000   Number         0  stm32l0xx_hal_msp.o ABSOLUTE
    ..\Core\Src\stm32l0xx_it.c               0x00000000   Number         0  stm32l0xx_it.o ABSOLUTE
    ..\Core\Src\system_stm32l0xx.c           0x00000000   Number         0  system_stm32l0xx.o ABSOLUTE
    ..\Core\Src\usart.c                      0x00000000   Number         0  usart.o ABSOLUTE
    ..\Drivers\STM32L0xx_HAL_Driver\Src\stm32l0xx_hal.c 0x00000000   Number         0  stm32l0xx_hal.o ABSOLUTE
    ..\Drivers\STM32L0xx_HAL_Driver\Src\stm32l0xx_hal_cortex.c 0x00000000   Number         0  stm32l0xx_hal_cortex.o ABSOLUTE
    ..\Drivers\STM32L0xx_HAL_Driver\Src\stm32l0xx_hal_dma.c 0x00000000   Number         0  stm32l0xx_hal_dma.o ABSOLUTE
    ..\Drivers\STM32L0xx_HAL_Driver\Src\stm32l0xx_hal_flash.c 0x00000000   Number         0  stm32l0xx_hal_flash.o ABSOLUTE
    ..\Drivers\STM32L0xx_HAL_Driver\Src\stm32l0xx_hal_flash_ex.c 0x00000000   Number         0  stm32l0xx_hal_flash_ex.o ABSOLUTE
    ..\Drivers\STM32L0xx_HAL_Driver\Src\stm32l0xx_hal_flash_ramfunc.c 0x00000000   Number         0  stm32l0xx_hal_flash_ramfunc.o ABSOLUTE
    ..\Drivers\STM32L0xx_HAL_Driver\Src\stm32l0xx_hal_gpio.c 0x00000000   Number         0  stm32l0xx_hal_gpio.o ABSOLUTE
    ..\Drivers\STM32L0xx_HAL_Driver\Src\stm32l0xx_hal_i2c.c 0x00000000   Number         0  stm32l0xx_hal_i2c.o ABSOLUTE
    ..\Drivers\STM32L0xx_HAL_Driver\Src\stm32l0xx_hal_i2c_ex.c 0x00000000   Number         0  stm32l0xx_hal_i2c_ex.o ABSOLUTE
    ..\Drivers\STM32L0xx_HAL_Driver\Src\stm32l0xx_hal_pwr.c 0x00000000   Number         0  stm32l0xx_hal_pwr.o ABSOLUTE
    ..\Drivers\STM32L0xx_HAL_Driver\Src\stm32l0xx_hal_pwr_ex.c 0x00000000   Number         0  stm32l0xx_hal_pwr_ex.o ABSOLUTE
    ..\Drivers\STM32L0xx_HAL_Driver\Src\stm32l0xx_hal_rcc.c 0x00000000   Number         0  stm32l0xx_hal_rcc.o ABSOLUTE
    ..\Drivers\STM32L0xx_HAL_Driver\Src\stm32l0xx_hal_rcc_ex.c 0x00000000   Number         0  stm32l0xx_hal_rcc_ex.o ABSOLUTE
    ..\Drivers\STM32L0xx_HAL_Driver\Src\stm32l0xx_hal_tim.c 0x00000000   Number         0  stm32l0xx_hal_tim.o ABSOLUTE
    ..\Drivers\STM32L0xx_HAL_Driver\Src\stm32l0xx_hal_tim_ex.c 0x00000000   Number         0  stm32l0xx_hal_tim_ex.o ABSOLUTE
    ..\Drivers\STM32L0xx_HAL_Driver\Src\stm32l0xx_ll_dma.c 0x00000000   Number         0  stm32l0xx_ll_dma.o ABSOLUTE
    ..\Drivers\STM32L0xx_HAL_Driver\Src\stm32l0xx_ll_exti.c 0x00000000   Number         0  stm32l0xx_ll_exti.o ABSOLUTE
    ..\Drivers\STM32L0xx_HAL_Driver\Src\stm32l0xx_ll_gpio.c 0x00000000   Number         0  stm32l0xx_ll_gpio.o ABSOLUTE
    ..\Drivers\STM32L0xx_HAL_Driver\Src\stm32l0xx_ll_rcc.c 0x00000000   Number         0  stm32l0xx_ll_rcc.o ABSOLUTE
    ..\Drivers\STM32L0xx_HAL_Driver\Src\stm32l0xx_ll_spi.c 0x00000000   Number         0  stm32l0xx_ll_spi.o ABSOLUTE
    ..\Drivers\STM32L0xx_HAL_Driver\Src\stm32l0xx_ll_usart.c 0x00000000   Number         0  stm32l0xx_ll_usart.o ABSOLUTE
    ..\Drivers\STM32L0xx_HAL_Driver\Src\stm32l0xx_ll_utils.c 0x00000000   Number         0  stm32l0xx_ll_utils.o ABSOLUTE
    ..\\Core\\Src\\adxl362.c                 0x00000000   Number         0  adxl362.o ABSOLUTE
    ..\\Core\\Src\\cc1101.c                  0x00000000   Number         0  cc1101.o ABSOLUTE
    cdrcmple.s                               0x00000000   Number         0  cdrcmple.o ABSOLUTE
    dc.s                                     0x00000000   Number         0  dc.o ABSOLUTE
    handlers.s                               0x00000000   Number         0  handlers.o ABSOLUTE
    init.s                                   0x00000000   Number         0  init.o ABSOLUTE
    startup_stm32l051xx.s                    0x00000000   Number         0  startup_stm32l051xx.o ABSOLUTE
    RESET                                    0x08000000   Section      192  startup_stm32l051xx.o(RESET)
    .ARM.Collect$$$$00000000                 0x080000c0   Section        0  entry.o(.ARM.Collect$$$$00000000)
    .ARM.Collect$$$$00000001                 0x080000c0   Section        4  entry2.o(.ARM.Collect$$$$00000001)
    .ARM.Collect$$$$00000004                 0x080000c4   Section        4  entry5.o(.ARM.Collect$$$$00000004)
    .ARM.Collect$$$$00000008                 0x080000c8   Section        0  entry7b.o(.ARM.Collect$$$$00000008)
    .ARM.Collect$$$$0000000A                 0x080000c8   Section        0  entry8b.o(.ARM.Collect$$$$0000000A)
    .ARM.Collect$$$$0000000B                 0x080000c8   Section        8  entry9a.o(.ARM.Collect$$$$0000000B)
    .ARM.Collect$$$$0000000D                 0x080000d0   Section        0  entry10a.o(.ARM.Collect$$$$0000000D)
    .ARM.Collect$$$$0000000F                 0x080000d0   Section        0  entry11a.o(.ARM.Collect$$$$0000000F)
    .ARM.Collect$$$$00002712                 0x080000d0   Section        4  entry2.o(.ARM.Collect$$$$00002712)
    __lit__00000000                          0x080000d0   Data           4  entry2.o(.ARM.Collect$$$$00002712)
    .text                                    0x080000d4   Section       28  startup_stm32l051xx.o(.text)
    .text                                    0x080000f0   Section        0  uidiv.o(.text)
    .text                                    0x0800011c   Section        0  memseta.o(.text)
    .text                                    0x08000140   Section        0  uldiv.o(.text)
    .text                                    0x080001a0   Section       36  init.o(.text)
    .text                                    0x080001c4   Section        0  llshl.o(.text)
    .text                                    0x080001e4   Section        0  llushr.o(.text)
    i.ADXL362RegisterRead                    0x08000208   Section        0  adxl362.o(i.ADXL362RegisterRead)
    i.ADXL362RegisterWrite                   0x08000250   Section        0  adxl362.o(i.ADXL362RegisterWrite)
    i.ADXL362_Init                           0x08000294   Section        0  adxl362.o(i.ADXL362_Init)
    i.ADXL362_ReInit                         0x08000316   Section        0  adxl362.o(i.ADXL362_ReInit)
    i.Activate_SPI                           0x080003a2   Section        0  spi.o(i.Activate_SPI)
    i.Activate_USART1_RXIT                   0x080003ac   Section        0  usart.o(i.Activate_USART1_RXIT)
    i.CC1101CalcRSSI_dBm                     0x080003d4   Section        0  cc1101.o(i.CC1101CalcRSSI_dBm)
    i.CC1101ClrRXBuff                        0x080003ea   Section        0  cc1101.o(i.CC1101ClrRXBuff)
    i.CC1101ClrTXBuff                        0x080003fa   Section        0  cc1101.o(i.CC1101ClrTXBuff)
    i.CC1101GetRXCnt                         0x0800040a   Section        0  cc1101.o(i.CC1101GetRXCnt)
    i.CC1101Init                             0x08000418   Section        0  cc1101.o(i.CC1101Init)
    i.CC1101ReadMultiReg                     0x08000490   Section        0  cc1101.o(i.CC1101ReadMultiReg)
    i.CC1101ReadReg                          0x080004e4   Section        0  cc1101.o(i.CC1101ReadReg)
    i.CC1101ReadStatus                       0x08000520   Section        0  cc1101.o(i.CC1101ReadStatus)
    i.CC1101RecPacket                        0x0800055c   Section        0  cc1101.o(i.CC1101RecPacket)
    i.CC1101Reset                            0x080005c0   Section        0  cc1101.o(i.CC1101Reset)
    i.CC1101SendPacket                       0x08000604   Section        0  cc1101.o(i.CC1101SendPacket)
    i.CC1101SetAddress                       0x080006d8   Section        0  cc1101.o(i.CC1101SetAddress)
    i.CC1101SetIdle                          0x080006ec   Section        0  cc1101.o(i.CC1101SetIdle)
    i.CC1101SetSYNC                          0x080006f6   Section        0  cc1101.o(i.CC1101SetSYNC)
    i.CC1101SetTRMode                        0x0800070c   Section        0  cc1101.o(i.CC1101SetTRMode)
    i.CC1101SetWORMode                       0x08000742   Section        0  cc1101.o(i.CC1101SetWORMode)
    i.CC1101WORInit                          0x08000762   Section        0  cc1101.o(i.CC1101WORInit)
    i.CC1101WriteCmd                         0x08000790   Section        0  cc1101.o(i.CC1101WriteCmd)
    i.CC1101WriteMultiReg                    0x080007bc   Section        0  cc1101.o(i.CC1101WriteMultiReg)
    i.CC1101WriteReg                         0x08000804   Section        0  cc1101.o(i.CC1101WriteReg)
    i.DATAEEPROM_Program                     0x0800083c   Section        0  main.o(i.DATAEEPROM_Program)
    i.EXTI0_1_IRQHandler                     0x08000874   Section        0  stm32l0xx_it.o(i.EXTI0_1_IRQHandler)
    i.EXTI2_3_IRQHandler                     0x080008a4   Section        0  stm32l0xx_it.o(i.EXTI2_3_IRQHandler)
    i.EXTI4_15_IRQHandler                    0x080008cc   Section        0  stm32l0xx_it.o(i.EXTI4_15_IRQHandler)
    i.Error_Callback                         0x080008f0   Section        0  usart.o(i.Error_Callback)
    i.FLASH_SetErrorCode                     0x08000954   Section        0  stm32l0xx_hal_flash.o(i.FLASH_SetErrorCode)
    FLASH_SetErrorCode                       0x08000955   Thumb Code   134  stm32l0xx_hal_flash.o(i.FLASH_SetErrorCode)
    i.FLASH_WaitForLastOperation             0x080009e4   Section        0  stm32l0xx_hal_flash.o(i.FLASH_WaitForLastOperation)
    i.Get_SerialNum                          0x08000a54   Section        0  main.o(i.Get_SerialNum)
    i.HAL_Delay                              0x08000a70   Section        0  stm32l0xx_hal.o(i.HAL_Delay)
    i.HAL_FLASHEx_DATAEEPROM_DisableFixedTimeProgram 0x08000a8c   Section        0  stm32l0xx_hal_flash_ex.o(i.HAL_FLASHEx_DATAEEPROM_DisableFixedTimeProgram)
    i.HAL_FLASHEx_DATAEEPROM_EnableFixedTimeProgram 0x08000a9c   Section        0  stm32l0xx_hal_flash_ex.o(i.HAL_FLASHEx_DATAEEPROM_EnableFixedTimeProgram)
    i.HAL_FLASHEx_DATAEEPROM_Erase           0x08000aac   Section        0  stm32l0xx_hal_flash_ex.o(i.HAL_FLASHEx_DATAEEPROM_Erase)
    i.HAL_FLASHEx_DATAEEPROM_Lock            0x08000ad4   Section        0  stm32l0xx_hal_flash_ex.o(i.HAL_FLASHEx_DATAEEPROM_Lock)
    i.HAL_FLASHEx_DATAEEPROM_Program         0x08000ae8   Section        0  stm32l0xx_hal_flash_ex.o(i.HAL_FLASHEx_DATAEEPROM_Program)
    i.HAL_FLASHEx_DATAEEPROM_Unlock          0x08000b3c   Section        0  stm32l0xx_hal_flash_ex.o(i.HAL_FLASHEx_DATAEEPROM_Unlock)
    i.HAL_GPIO_ReadPin                       0x08000b70   Section        0  stm32l0xx_hal_gpio.o(i.HAL_GPIO_ReadPin)
    i.HAL_GPIO_WritePin                      0x08000b7a   Section        0  stm32l0xx_hal_gpio.o(i.HAL_GPIO_WritePin)
    i.HAL_GetTick                            0x08000b88   Section        0  stm32l0xx_hal.o(i.HAL_GetTick)
    i.HAL_IncTick                            0x08000b94   Section        0  stm32l0xx_hal.o(i.HAL_IncTick)
    i.HAL_Init                               0x08000ba4   Section        0  stm32l0xx_hal.o(i.HAL_Init)
    i.HAL_InitTick                           0x08000bcc   Section        0  stm32l0xx_hal.o(i.HAL_InitTick)
    i.HAL_MspInit                            0x08000bfc   Section        0  stm32l0xx_hal_msp.o(i.HAL_MspInit)
    i.HAL_NVIC_SetPriority                   0x08000c14   Section        0  stm32l0xx_hal_cortex.o(i.HAL_NVIC_SetPriority)
    i.HAL_RCCEx_PeriphCLKConfig              0x08000c1c   Section        0  stm32l0xx_hal_rcc_ex.o(i.HAL_RCCEx_PeriphCLKConfig)
    i.HAL_RCC_ClockConfig                    0x08000d80   Section        0  stm32l0xx_hal_rcc.o(i.HAL_RCC_ClockConfig)
    i.HAL_RCC_GetSysClockFreq                0x08000eec   Section        0  stm32l0xx_hal_rcc.o(i.HAL_RCC_GetSysClockFreq)
    i.HAL_RCC_OscConfig                      0x08000f64   Section        0  stm32l0xx_hal_rcc.o(i.HAL_RCC_OscConfig)
    i.HAL_SYSTICK_Config                     0x08001380   Section        0  stm32l0xx_hal_cortex.o(i.HAL_SYSTICK_Config)
    i.HardFault_Handler                      0x080013b0   Section        0  stm32l0xx_it.o(i.HardFault_Handler)
    i.LL_APB2_GRP1_EnableClock               0x080013b4   Section        0  usart.o(i.LL_APB2_GRP1_EnableClock)
    LL_APB2_GRP1_EnableClock                 0x080013b5   Thumb Code    18  usart.o(i.LL_APB2_GRP1_EnableClock)
    i.LL_EXTI_Init                           0x080013cc   Section        0  stm32l0xx_ll_exti.o(i.LL_EXTI_Init)
    i.LL_EXTI_IsActiveFlag_0_31              0x0800146c   Section        0  stm32l0xx_it.o(i.LL_EXTI_IsActiveFlag_0_31)
    LL_EXTI_IsActiveFlag_0_31                0x0800146d   Thumb Code    16  stm32l0xx_it.o(i.LL_EXTI_IsActiveFlag_0_31)
    i.LL_GPIO_Init                           0x08001480   Section        0  stm32l0xx_ll_gpio.o(i.LL_GPIO_Init)
    i.LL_GPIO_SetPinMode                     0x08001528   Section        0  gpio.o(i.LL_GPIO_SetPinMode)
    LL_GPIO_SetPinMode                       0x08001529   Thumb Code    20  gpio.o(i.LL_GPIO_SetPinMode)
    i.LL_GPIO_SetPinPull                     0x0800153c   Section        0  gpio.o(i.LL_GPIO_SetPinPull)
    LL_GPIO_SetPinPull                       0x0800153d   Thumb Code    20  gpio.o(i.LL_GPIO_SetPinPull)
    i.LL_IOP_GRP1_EnableClock                0x08001550   Section        0  gpio.o(i.LL_IOP_GRP1_EnableClock)
    LL_IOP_GRP1_EnableClock                  0x08001551   Thumb Code    18  gpio.o(i.LL_IOP_GRP1_EnableClock)
    i.LL_IOP_GRP1_EnableClock                0x08001568   Section        0  spi.o(i.LL_IOP_GRP1_EnableClock)
    LL_IOP_GRP1_EnableClock                  0x08001569   Thumb Code    18  spi.o(i.LL_IOP_GRP1_EnableClock)
    i.LL_IOP_GRP1_EnableClock                0x08001580   Section        0  usart.o(i.LL_IOP_GRP1_EnableClock)
    LL_IOP_GRP1_EnableClock                  0x08001581   Thumb Code    18  usart.o(i.LL_IOP_GRP1_EnableClock)
    i.LL_RCC_GetUSARTClockFreq               0x08001598   Section        0  stm32l0xx_ll_rcc.o(i.LL_RCC_GetUSARTClockFreq)
    i.LL_RCC_GetUSARTClockSource             0x08001628   Section        0  stm32l0xx_ll_rcc.o(i.LL_RCC_GetUSARTClockSource)
    LL_RCC_GetUSARTClockSource               0x08001629   Thumb Code    12  stm32l0xx_ll_rcc.o(i.LL_RCC_GetUSARTClockSource)
    i.LL_RCC_HSI_IsReady                     0x08001638   Section        0  stm32l0xx_ll_rcc.o(i.LL_RCC_HSI_IsReady)
    LL_RCC_HSI_IsReady                       0x08001639   Thumb Code    10  stm32l0xx_ll_rcc.o(i.LL_RCC_HSI_IsReady)
    i.LL_RCC_IsActiveFlag_HSIDIV             0x08001648   Section        0  stm32l0xx_ll_rcc.o(i.LL_RCC_IsActiveFlag_HSIDIV)
    LL_RCC_IsActiveFlag_HSIDIV               0x08001649   Thumb Code    10  stm32l0xx_ll_rcc.o(i.LL_RCC_IsActiveFlag_HSIDIV)
    i.LL_RCC_LSE_IsReady                     0x08001658   Section        0  stm32l0xx_ll_rcc.o(i.LL_RCC_LSE_IsReady)
    LL_RCC_LSE_IsReady                       0x08001659   Thumb Code    10  stm32l0xx_ll_rcc.o(i.LL_RCC_LSE_IsReady)
    i.LL_SPI_Init                            0x08001668   Section        0  stm32l0xx_ll_spi.o(i.LL_SPI_Init)
    i.LL_SYSCFG_SetEXTISource                0x080016d4   Section        0  gpio.o(i.LL_SYSCFG_SetEXTISource)
    LL_SYSCFG_SetEXTISource                  0x080016d5   Thumb Code    28  gpio.o(i.LL_SYSCFG_SetEXTISource)
    i.LL_USART_DeInit                        0x080016f4   Section        0  stm32l0xx_ll_usart.o(i.LL_USART_DeInit)
    i.LL_USART_Init                          0x0800173c   Section        0  stm32l0xx_ll_usart.o(i.LL_USART_Init)
    i.MX_GPIO_Init                           0x080017e4   Section        0  gpio.o(i.MX_GPIO_Init)
    i.MX_SPI1_Init                           0x08001aac   Section        0  spi.o(i.MX_SPI1_Init)
    i.MX_SPI2_Init                           0x08001b58   Section        0  spi.o(i.MX_SPI2_Init)
    i.MX_USART1_UART_Init                    0x08001c04   Section        0  usart.o(i.MX_USART1_UART_Init)
    i.NMI_Handler                            0x08001cb8   Section        0  stm32l0xx_it.o(i.NMI_Handler)
    i.NVIC_SetPriority                       0x08001cbc   Section        0  gpio.o(i.NVIC_SetPriority)
    NVIC_SetPriority                         0x08001cbd   Thumb Code    60  gpio.o(i.NVIC_SetPriority)
    i.NVIC_SetPriority                       0x08001d00   Section        0  stm32l0xx_hal_cortex.o(i.NVIC_SetPriority)
    NVIC_SetPriority                         0x08001d01   Thumb Code    60  stm32l0xx_hal_cortex.o(i.NVIC_SetPriority)
    i.PendSV_Handler                         0x08001d44   Section        0  stm32l0xx_it.o(i.PendSV_Handler)
    i.RCC_GetHCLKClockFreq                   0x08001d48   Section        0  stm32l0xx_ll_rcc.o(i.RCC_GetHCLKClockFreq)
    i.RCC_GetPCLK1ClockFreq                  0x08001d64   Section        0  stm32l0xx_ll_rcc.o(i.RCC_GetPCLK1ClockFreq)
    i.RCC_GetPCLK2ClockFreq                  0x08001d7c   Section        0  stm32l0xx_ll_rcc.o(i.RCC_GetPCLK2ClockFreq)
    i.RCC_GetSystemClockFreq                 0x08001d94   Section        0  stm32l0xx_ll_rcc.o(i.RCC_GetSystemClockFreq)
    i.RCC_PLL_GetFreqDomain_SYS              0x08001de8   Section        0  stm32l0xx_ll_rcc.o(i.RCC_PLL_GetFreqDomain_SYS)
    i.RFIDInitial                            0x08001e38   Section        0  cc1101.o(i.RFIDInitial)
    i.RF_RecvHandler                         0x08001e68   Section        0  main.o(i.RF_RecvHandler)
    i.RF_SendPacket                          0x08002028   Section        0  main.o(i.RF_SendPacket)
    i.SPI_ExchangeByte                       0x08002408   Section        0  spi.o(i.SPI_ExchangeByte)
    i.SVC_Handler                            0x08002420   Section        0  stm32l0xx_it.o(i.SVC_Handler)
    i.Set_DeviceInfo                         0x08002424   Section        0  main.o(i.Set_DeviceInfo)
    i.Show_Message                           0x080024fc   Section        0  main.o(i.Show_Message)
    i.SpiFunction                            0x080026f8   Section        0  spi.o(i.SpiFunction)
    i.SysTick_Handler                        0x0800272c   Section        0  stm32l0xx_it.o(i.SysTick_Handler)
    i.SystemClock_Config                     0x08002734   Section        0  main.o(i.SystemClock_Config)
    i.SystemInit                             0x080027ac   Section        0  system_stm32l0xx.o(i.SystemInit)
    i.System_Initial                         0x08002800   Section        0  main.o(i.System_Initial)
    i.USART1_IRQHandler                      0x080028f0   Section        0  stm32l0xx_it.o(i.USART1_IRQHandler)
    i.USART_CharReception_Callback           0x08002914   Section        0  usart.o(i.USART_CharReception_Callback)
    i.__0printf$5                            0x08002960   Section        0  printf5.o(i.__0printf$5)
    i.__ARM_common_switch8                   0x08002980   Section        0  main.o(i.__ARM_common_switch8)
    i.__scatterload_copy                     0x0800299a   Section       14  handlers.o(i.__scatterload_copy)
    i.__scatterload_null                     0x080029a8   Section        2  handlers.o(i.__scatterload_null)
    i.__scatterload_zeroinit                 0x080029aa   Section       14  handlers.o(i.__scatterload_zeroinit)
    i._printf_core                           0x080029b8   Section        0  printf5.o(i._printf_core)
    _printf_core                             0x080029b9   Thumb Code   688  printf5.o(i._printf_core)
    i.fputc                                  0x08002c94   Section        0  usart.o(i.fputc)
    i.main                                   0x08002ca4   Section        0  main.o(i.main)
    .constdata                               0x08002cf0   Section       94  cc1101.o(.constdata)
    CC1101InitData                           0x08002cf0   Data          94  cc1101.o(.constdata)
    .constdata                               0x08002d4e   Section       25  system_stm32l0xx.o(.constdata)
    .constdata                               0x08002d67   Section        8  system_stm32l0xx.o(.constdata)
    .data                                    0x20000000   Section        8  cc1101.o(.data)
    .data                                    0x20000008   Section       28  main.o(.data)
    .data                                    0x20000024   Section        2  usart.o(.data)
    .data                                    0x20000026   Section        1  stm32l0xx_it.o(.data)
    .data                                    0x20000028   Section        4  stm32l0xx_hal.o(.data)
    .data                                    0x2000002c   Section        4  system_stm32l0xx.o(.data)
    .data                                    0x20000030   Section        4  stdout.o(.data)
    .bss                                     0x20000034   Section      184  main.o(.bss)
    .bss                                     0x200000ec   Section       14  usart.o(.bss)
    .bss                                     0x200000fc   Section       24  stm32l0xx_hal_flash.o(.bss)
    STACK                                    0x20000118   Section     1024  startup_stm32l051xx.o(STACK)

    Global Symbols

    Symbol Name                              Value     Ov Type        Size  Object(Section)

    BuildAttributes$$THM_ISAv3M$S$PE$A:L22$X:L11$S22$IEEE1$IW$USESV6$~STKCKD$USESV7$~SHL$OSPACE$ROPI$EBA8$MICROLIB$REQ8$PRES8$EABIv2 0x00000000   Number         0  anon$$obj.o ABSOLUTE
    __ARM_use_no_argv                        0x00000000   Number         0  main.o ABSOLUTE
    _printf_a                                0x00000000   Number         0  stubs.o ABSOLUTE
    _printf_c                                0x00000000   Number         0  stubs.o ABSOLUTE
    _printf_charcount                        0x00000000   Number         0  stubs.o ABSOLUTE
    _printf_d                                0x00000000   Number         0  stubs.o ABSOLUTE
    _printf_e                                0x00000000   Number         0  stubs.o ABSOLUTE
    _printf_f                                0x00000000   Number         0  stubs.o ABSOLUTE
    _printf_flags                            0x00000000   Number         0  stubs.o ABSOLUTE
    _printf_fp_dec                           0x00000000   Number         0  stubs.o ABSOLUTE
    _printf_fp_hex                           0x00000000   Number         0  stubs.o ABSOLUTE
    _printf_g                                0x00000000   Number         0  stubs.o ABSOLUTE
    _printf_i                                0x00000000   Number         0  stubs.o ABSOLUTE
    _printf_int_dec                          0x00000000   Number         0  stubs.o ABSOLUTE
    _printf_l                                0x00000000   Number         0  stubs.o ABSOLUTE
    _printf_lc                               0x00000000   Number         0  stubs.o ABSOLUTE
    _printf_ll                               0x00000000   Number         0  stubs.o ABSOLUTE
    _printf_lld                              0x00000000   Number         0  stubs.o ABSOLUTE
    _printf_lli                              0x00000000   Number         0  stubs.o ABSOLUTE
    _printf_llo                              0x00000000   Number         0  stubs.o ABSOLUTE
    _printf_llu                              0x00000000   Number         0  stubs.o ABSOLUTE
    _printf_llx                              0x00000000   Number         0  stubs.o ABSOLUTE
    _printf_longlong_dec                     0x00000000   Number         0  stubs.o ABSOLUTE
    _printf_longlong_hex                     0x00000000   Number         0  stubs.o ABSOLUTE
    _printf_longlong_oct                     0x00000000   Number         0  stubs.o ABSOLUTE
    _printf_ls                               0x00000000   Number         0  stubs.o ABSOLUTE
    _printf_mbtowc                           0x00000000   Number         0  stubs.o ABSOLUTE
    _printf_n                                0x00000000   Number         0  stubs.o ABSOLUTE
    _printf_o                                0x00000000   Number         0  stubs.o ABSOLUTE
    _printf_p                                0x00000000   Number         0  stubs.o ABSOLUTE
    _printf_percent                          0x00000000   Number         0  stubs.o ABSOLUTE
    _printf_pre_padding                      0x00000000   Number         0  stubs.o ABSOLUTE
    _printf_return_value                     0x00000000   Number         0  stubs.o ABSOLUTE
    _printf_s                                0x00000000   Number         0  stubs.o ABSOLUTE
    _printf_sizespec                         0x00000000   Number         0  stubs.o ABSOLUTE
    _printf_str                              0x00000000   Number         0  stubs.o ABSOLUTE
    _printf_truncate_signed                  0x00000000   Number         0  stubs.o ABSOLUTE
    _printf_truncate_unsigned                0x00000000   Number         0  stubs.o ABSOLUTE
    _printf_u                                0x00000000   Number         0  stubs.o ABSOLUTE
    _printf_wc                               0x00000000   Number         0  stubs.o ABSOLUTE
    _printf_wctomb                           0x00000000   Number         0  stubs.o ABSOLUTE
    _printf_widthprec                        0x00000000   Number         0  stubs.o ABSOLUTE
    _printf_x                                0x00000000   Number         0  stubs.o ABSOLUTE
    __cpp_initialize__aeabi_                  - Undefined Weak Reference
    __cxa_finalize                            - Undefined Weak Reference
    __decompress                              - Undefined Weak Reference
    _clock_init                               - Undefined Weak Reference
    _microlib_exit                            - Undefined Weak Reference
    __Vectors_Size                           0x000000c0   Number         0  startup_stm32l051xx.o ABSOLUTE
    __Vectors                                0x08000000   Data           4  startup_stm32l051xx.o(RESET)
    __Vectors_End                            0x080000c0   Data           0  startup_stm32l051xx.o(RESET)
    __main                                   0x080000c1   Thumb Code     0  entry.o(.ARM.Collect$$$$00000000)
    _main_stk                                0x080000c1   Thumb Code     0  entry2.o(.ARM.Collect$$$$00000001)
    _main_scatterload                        0x080000c5   Thumb Code     0  entry5.o(.ARM.Collect$$$$00000004)
    __main_after_scatterload                 0x080000c9   Thumb Code     0  entry5.o(.ARM.Collect$$$$00000004)
    _main_clock                              0x080000c9   Thumb Code     0  entry7b.o(.ARM.Collect$$$$00000008)
    _main_cpp_init                           0x080000c9   Thumb Code     0  entry8b.o(.ARM.Collect$$$$0000000A)
    _main_init                               0x080000c9   Thumb Code     0  entry9a.o(.ARM.Collect$$$$0000000B)
    __rt_final_cpp                           0x080000d1   Thumb Code     0  entry10a.o(.ARM.Collect$$$$0000000D)
    __rt_final_exit                          0x080000d1   Thumb Code     0  entry11a.o(.ARM.Collect$$$$0000000F)
    Reset_Handler                            0x080000d5   Thumb Code     8  startup_stm32l051xx.o(.text)
    ADC1_COMP_IRQHandler                     0x080000e7   Thumb Code     0  startup_stm32l051xx.o(.text)
    DMA1_Channel1_IRQHandler                 0x080000e7   Thumb Code     0  startup_stm32l051xx.o(.text)
    DMA1_Channel2_3_IRQHandler               0x080000e7   Thumb Code     0  startup_stm32l051xx.o(.text)
    DMA1_Channel4_5_6_7_IRQHandler           0x080000e7   Thumb Code     0  startup_stm32l051xx.o(.text)
    FLASH_IRQHandler                         0x080000e7   Thumb Code     0  startup_stm32l051xx.o(.text)
    I2C1_IRQHandler                          0x080000e7   Thumb Code     0  startup_stm32l051xx.o(.text)
    I2C2_IRQHandler                          0x080000e7   Thumb Code     0  startup_stm32l051xx.o(.text)
    LPTIM1_IRQHandler                        0x080000e7   Thumb Code     0  startup_stm32l051xx.o(.text)
    LPUART1_IRQHandler                       0x080000e7   Thumb Code     0  startup_stm32l051xx.o(.text)
    PVD_IRQHandler                           0x080000e7   Thumb Code     0  startup_stm32l051xx.o(.text)
    RCC_IRQHandler                           0x080000e7   Thumb Code     0  startup_stm32l051xx.o(.text)
    RTC_IRQHandler                           0x080000e7   Thumb Code     0  startup_stm32l051xx.o(.text)
    SPI1_IRQHandler                          0x080000e7   Thumb Code     0  startup_stm32l051xx.o(.text)
    SPI2_IRQHandler                          0x080000e7   Thumb Code     0  startup_stm32l051xx.o(.text)
    TIM21_IRQHandler                         0x080000e7   Thumb Code     0  startup_stm32l051xx.o(.text)
    TIM22_IRQHandler                         0x080000e7   Thumb Code     0  startup_stm32l051xx.o(.text)
    TIM2_IRQHandler                          0x080000e7   Thumb Code     0  startup_stm32l051xx.o(.text)
    TIM6_IRQHandler                          0x080000e7   Thumb Code     0  startup_stm32l051xx.o(.text)
    USART2_IRQHandler                        0x080000e7   Thumb Code     0  startup_stm32l051xx.o(.text)
    WWDG_IRQHandler                          0x080000e7   Thumb Code     0  startup_stm32l051xx.o(.text)
    __aeabi_uidiv                            0x080000f1   Thumb Code     0  uidiv.o(.text)
    __aeabi_uidivmod                         0x080000f1   Thumb Code    44  uidiv.o(.text)
    __aeabi_memset                           0x0800011d   Thumb Code    14  memseta.o(.text)
    __aeabi_memset4                          0x0800011d   Thumb Code     0  memseta.o(.text)
    __aeabi_memset8                          0x0800011d   Thumb Code     0  memseta.o(.text)
    __aeabi_memclr                           0x0800012b   Thumb Code     4  memseta.o(.text)
    __aeabi_memclr4                          0x0800012b   Thumb Code     0  memseta.o(.text)
    __aeabi_memclr8                          0x0800012b   Thumb Code     0  memseta.o(.text)
    _memset$wrapper                          0x0800012f   Thumb Code    18  memseta.o(.text)
    __aeabi_uldivmod                         0x08000141   Thumb Code    96  uldiv.o(.text)
    __scatterload                            0x080001a1   Thumb Code    28  init.o(.text)
    __scatterload_rt2                        0x080001a1   Thumb Code     0  init.o(.text)
    __aeabi_llsl                             0x080001c5   Thumb Code    32  llshl.o(.text)
    _ll_shift_l                              0x080001c5   Thumb Code     0  llshl.o(.text)
    __aeabi_llsr                             0x080001e5   Thumb Code    34  llushr.o(.text)
    _ll_ushift_r                             0x080001e5   Thumb Code     0  llushr.o(.text)
    ADXL362RegisterRead                      0x08000209   Thumb Code    62  adxl362.o(i.ADXL362RegisterRead)
    ADXL362RegisterWrite                     0x08000251   Thumb Code    60  adxl362.o(i.ADXL362RegisterWrite)
    ADXL362_Init                             0x08000295   Thumb Code   130  adxl362.o(i.ADXL362_Init)
    ADXL362_ReInit                           0x08000317   Thumb Code   140  adxl362.o(i.ADXL362_ReInit)
    Activate_SPI                             0x080003a3   Thumb Code    10  spi.o(i.Activate_SPI)
    Activate_USART1_RXIT                     0x080003ad   Thumb Code    36  usart.o(i.Activate_USART1_RXIT)
    CC1101CalcRSSI_dBm                       0x080003d5   Thumb Code    22  cc1101.o(i.CC1101CalcRSSI_dBm)
    CC1101ClrRXBuff                          0x080003eb   Thumb Code    16  cc1101.o(i.CC1101ClrRXBuff)
    CC1101ClrTXBuff                          0x080003fb   Thumb Code    16  cc1101.o(i.CC1101ClrTXBuff)
    CC1101GetRXCnt                           0x0800040b   Thumb Code    14  cc1101.o(i.CC1101GetRXCnt)
    CC1101Init                               0x08000419   Thumb Code    88  cc1101.o(i.CC1101Init)
    CC1101ReadMultiReg                       0x08000491   Thumb Code    78  cc1101.o(i.CC1101ReadMultiReg)
    CC1101ReadReg                            0x080004e5   Thumb Code    54  cc1101.o(i.CC1101ReadReg)
    CC1101ReadStatus                         0x08000521   Thumb Code    54  cc1101.o(i.CC1101ReadStatus)
    CC1101RecPacket                          0x0800055d   Thumb Code   100  cc1101.o(i.CC1101RecPacket)
    CC1101Reset                              0x080005c1   Thumb Code    68  cc1101.o(i.CC1101Reset)
    CC1101SendPacket                         0x08000605   Thumb Code   204  cc1101.o(i.CC1101SendPacket)
    CC1101SetAddress                         0x080006d9   Thumb Code    20  cc1101.o(i.CC1101SetAddress)
    CC1101SetIdle                            0x080006ed   Thumb Code    10  cc1101.o(i.CC1101SetIdle)
    CC1101SetSYNC                            0x080006f7   Thumb Code    22  cc1101.o(i.CC1101SetSYNC)
    CC1101SetTRMode                          0x0800070d   Thumb Code    54  cc1101.o(i.CC1101SetTRMode)
    CC1101SetWORMode                         0x08000743   Thumb Code    32  cc1101.o(i.CC1101SetWORMode)
    CC1101WORInit                            0x08000763   Thumb Code    44  cc1101.o(i.CC1101WORInit)
    CC1101WriteCmd                           0x08000791   Thumb Code    38  cc1101.o(i.CC1101WriteCmd)
    CC1101WriteMultiReg                      0x080007bd   Thumb Code    68  cc1101.o(i.CC1101WriteMultiReg)
    CC1101WriteReg                           0x08000805   Thumb Code    50  cc1101.o(i.CC1101WriteReg)
    DATAEEPROM_Program                       0x0800083d   Thumb Code    46  main.o(i.DATAEEPROM_Program)
    EXTI0_1_IRQHandler                       0x08000875   Thumb Code    34  stm32l0xx_it.o(i.EXTI0_1_IRQHandler)
    EXTI2_3_IRQHandler                       0x080008a5   Thumb Code    34  stm32l0xx_it.o(i.EXTI2_3_IRQHandler)
    EXTI4_15_IRQHandler                      0x080008cd   Thumb Code    26  stm32l0xx_it.o(i.EXTI4_15_IRQHandler)
    Error_Callback                           0x080008f1   Thumb Code    88  usart.o(i.Error_Callback)
    FLASH_WaitForLastOperation               0x080009e5   Thumb Code   106  stm32l0xx_hal_flash.o(i.FLASH_WaitForLastOperation)
    Get_SerialNum                            0x08000a55   Thumb Code    18  main.o(i.Get_SerialNum)
    HAL_Delay                                0x08000a71   Thumb Code    28  stm32l0xx_hal.o(i.HAL_Delay)
    HAL_FLASHEx_DATAEEPROM_DisableFixedTimeProgram 0x08000a8d   Thumb Code    12  stm32l0xx_hal_flash_ex.o(i.HAL_FLASHEx_DATAEEPROM_DisableFixedTimeProgram)
    HAL_FLASHEx_DATAEEPROM_EnableFixedTimeProgram 0x08000a9d   Thumb Code    12  stm32l0xx_hal_flash_ex.o(i.HAL_FLASHEx_DATAEEPROM_EnableFixedTimeProgram)
    HAL_FLASHEx_DATAEEPROM_Erase             0x08000aad   Thumb Code    30  stm32l0xx_hal_flash_ex.o(i.HAL_FLASHEx_DATAEEPROM_Erase)
    HAL_FLASHEx_DATAEEPROM_Lock              0x08000ad5   Thumb Code    14  stm32l0xx_hal_flash_ex.o(i.HAL_FLASHEx_DATAEEPROM_Lock)
    HAL_FLASHEx_DATAEEPROM_Program           0x08000ae9   Thumb Code    76  stm32l0xx_hal_flash_ex.o(i.HAL_FLASHEx_DATAEEPROM_Program)
    HAL_FLASHEx_DATAEEPROM_Unlock            0x08000b3d   Thumb Code    40  stm32l0xx_hal_flash_ex.o(i.HAL_FLASHEx_DATAEEPROM_Unlock)
    HAL_GPIO_ReadPin                         0x08000b71   Thumb Code    10  stm32l0xx_hal_gpio.o(i.HAL_GPIO_ReadPin)
    HAL_GPIO_WritePin                        0x08000b7b   Thumb Code    12  stm32l0xx_hal_gpio.o(i.HAL_GPIO_WritePin)
    HAL_GetTick                              0x08000b89   Thumb Code     6  stm32l0xx_hal.o(i.HAL_GetTick)
    HAL_IncTick                              0x08000b95   Thumb Code    10  stm32l0xx_hal.o(i.HAL_IncTick)
    HAL_Init                                 0x08000ba5   Thumb Code    36  stm32l0xx_hal.o(i.HAL_Init)
    HAL_InitTick                             0x08000bcd   Thumb Code    44  stm32l0xx_hal.o(i.HAL_InitTick)
    HAL_MspInit                              0x08000bfd   Thumb Code    20  stm32l0xx_hal_msp.o(i.HAL_MspInit)
    HAL_NVIC_SetPriority                     0x08000c15   Thumb Code     8  stm32l0xx_hal_cortex.o(i.HAL_NVIC_SetPriority)
    HAL_RCCEx_PeriphCLKConfig                0x08000c1d   Thumb Code   342  stm32l0xx_hal_rcc_ex.o(i.HAL_RCCEx_PeriphCLKConfig)
    HAL_RCC_ClockConfig                      0x08000d81   Thumb Code   344  stm32l0xx_hal_rcc.o(i.HAL_RCC_ClockConfig)
    HAL_RCC_GetSysClockFreq                  0x08000eed   Thumb Code   100  stm32l0xx_hal_rcc.o(i.HAL_RCC_GetSysClockFreq)
    HAL_RCC_OscConfig                        0x08000f65   Thumb Code  1052  stm32l0xx_hal_rcc.o(i.HAL_RCC_OscConfig)
    HAL_SYSTICK_Config                       0x08001381   Thumb Code    38  stm32l0xx_hal_cortex.o(i.HAL_SYSTICK_Config)
    HardFault_Handler                        0x080013b1   Thumb Code     2  stm32l0xx_it.o(i.HardFault_Handler)
    LL_EXTI_Init                             0x080013cd   Thumb Code   156  stm32l0xx_ll_exti.o(i.LL_EXTI_Init)
    LL_GPIO_Init                             0x08001481   Thumb Code   168  stm32l0xx_ll_gpio.o(i.LL_GPIO_Init)
    LL_RCC_GetUSARTClockFreq                 0x08001599   Thumb Code   132  stm32l0xx_ll_rcc.o(i.LL_RCC_GetUSARTClockFreq)
    LL_SPI_Init                              0x08001669   Thumb Code   102  stm32l0xx_ll_spi.o(i.LL_SPI_Init)
    LL_USART_DeInit                          0x080016f5   Thumb Code    58  stm32l0xx_ll_usart.o(i.LL_USART_DeInit)
    LL_USART_Init                            0x0800173d   Thumb Code   150  stm32l0xx_ll_usart.o(i.LL_USART_Init)
    MX_GPIO_Init                             0x080017e5   Thumb Code   694  gpio.o(i.MX_GPIO_Init)
    MX_SPI1_Init                             0x08001aad   Thumb Code   164  spi.o(i.MX_SPI1_Init)
    MX_SPI2_Init                             0x08001b59   Thumb Code   158  spi.o(i.MX_SPI2_Init)
    MX_USART1_UART_Init                      0x08001c05   Thumb Code   168  usart.o(i.MX_USART1_UART_Init)
    NMI_Handler                              0x08001cb9   Thumb Code     2  stm32l0xx_it.o(i.NMI_Handler)
    PendSV_Handler                           0x08001d45   Thumb Code     2  stm32l0xx_it.o(i.PendSV_Handler)
    RCC_GetHCLKClockFreq                     0x08001d49   Thumb Code    18  stm32l0xx_ll_rcc.o(i.RCC_GetHCLKClockFreq)
    RCC_GetPCLK1ClockFreq                    0x08001d65   Thumb Code    16  stm32l0xx_ll_rcc.o(i.RCC_GetPCLK1ClockFreq)
    RCC_GetPCLK2ClockFreq                    0x08001d7d   Thumb Code    16  stm32l0xx_ll_rcc.o(i.RCC_GetPCLK2ClockFreq)
    RCC_GetSystemClockFreq                   0x08001d95   Thumb Code    64  stm32l0xx_ll_rcc.o(i.RCC_GetSystemClockFreq)
    RCC_PLL_GetFreqDomain_SYS                0x08001de9   Thumb Code    58  stm32l0xx_ll_rcc.o(i.RCC_PLL_GetFreqDomain_SYS)
    RFIDInitial                              0x08001e39   Thumb Code    48  cc1101.o(i.RFIDInitial)
    RF_RecvHandler                           0x08001e69   Thumb Code   254  main.o(i.RF_RecvHandler)
    RF_SendPacket                            0x08002029   Thumb Code   978  main.o(i.RF_SendPacket)
    SPI_ExchangeByte                         0x08002409   Thumb Code    24  spi.o(i.SPI_ExchangeByte)
    SVC_Handler                              0x08002421   Thumb Code     2  stm32l0xx_it.o(i.SVC_Handler)
    Set_DeviceInfo                           0x08002425   Thumb Code   128  main.o(i.Set_DeviceInfo)
    Show_Message                             0x080024fd   Thumb Code   196  main.o(i.Show_Message)
    SpiFunction                              0x080026f9   Thumb Code    52  spi.o(i.SpiFunction)
    SysTick_Handler                          0x0800272d   Thumb Code     8  stm32l0xx_it.o(i.SysTick_Handler)
    SystemClock_Config                       0x08002735   Thumb Code   114  main.o(i.SystemClock_Config)
    SystemInit                               0x080027ad   Thumb Code    66  system_stm32l0xx.o(i.SystemInit)
    System_Initial                           0x08002801   Thumb Code   160  main.o(i.System_Initial)
    USART1_IRQHandler                        0x080028f1   Thumb Code    32  stm32l0xx_it.o(i.USART1_IRQHandler)
    USART_CharReception_Callback             0x08002915   Thumb Code    64  usart.o(i.USART_CharReception_Callback)
    __0printf$5                              0x08002961   Thumb Code    24  printf5.o(i.__0printf$5)
    __1printf$5                              0x08002961   Thumb Code     0  printf5.o(i.__0printf$5)
    __2printf                                0x08002961   Thumb Code     0  printf5.o(i.__0printf$5)
    __ARM_common_switch8                     0x08002981   Thumb Code    26  main.o(i.__ARM_common_switch8)
    __scatterload_copy                       0x0800299b   Thumb Code    14  handlers.o(i.__scatterload_copy)
    __scatterload_null                       0x080029a9   Thumb Code     2  handlers.o(i.__scatterload_null)
    __scatterload_zeroinit                   0x080029ab   Thumb Code    14  handlers.o(i.__scatterload_zeroinit)
    fputc                                    0x08002c95   Thumb Code    12  usart.o(i.fputc)
    main                                     0x08002ca5   Thumb Code    66  main.o(i.main)
    AHBPrescTable                            0x08002d4e   Data          16  system_stm32l0xx.o(.constdata)
    PLLMulTable                              0x08002d5e   Data           9  system_stm32l0xx.o(.constdata)
    APBPrescTable                            0x08002d67   Data           8  system_stm32l0xx.o(.constdata)
    Region$$Table$$Base                      0x08002d70   Number         0  anon$$obj.o(Region$$Table)
    Region$$Table$$Limit                     0x08002d90   Number         0  anon$$obj.o(Region$$Table)
    PaTabel                                  0x20000000   Data           8  cc1101.o(.data)
    rx_index                                 0x20000008   Data           1  main.o(.data)
    Chip_Addr                                0x20000009   Data           1  main.o(.data)
    RSSI                                     0x2000000a   Data           1  main.o(.data)
    addr_eeprom                              0x2000000b   Data           1  main.o(.data)
    step_stage                               0x2000000c   Data           1  main.o(.data)
    battery_low                              0x2000000d   Data           1  main.o(.data)
    sync_eeprom                              0x2000000e   Data           2  main.o(.data)
    timedelay                                0x20000010   Data           2  main.o(.data)
    Device_Serial0                           0x20000014   Data           4  main.o(.data)
    Device_Serial1                           0x20000018   Data           4  main.o(.data)
    Device_Serial2                           0x2000001c   Data           4  main.o(.data)
    rfid_eeprom                              0x20000020   Data           4  main.o(.data)
    RxCounter                                0x20000024   Data           1  usart.o(.data)
    CommandState                             0x20000025   Data           1  usart.o(.data)
    TXFIFOUNFLOW                             0x20000026   Data           1  stm32l0xx_it.o(.data)
    uwTick                                   0x20000028   Data           4  stm32l0xx_hal.o(.data)
    SystemCoreClock                          0x2000002c   Data           4  system_stm32l0xx.o(.data)
    __stdout                                 0x20000030   Data           4  stdout.o(.data)
    SendBuffer                               0x20000034   Data          93  main.o(.bss)
    RecvBuffer                               0x20000091   Data          18  main.o(.bss)
    step                                     0x200000a4   Data          72  main.o(.bss)
    RxBuffer                                 0x200000ec   Data          14  usart.o(.bss)
    pFlash                                   0x200000fc   Data          24  stm32l0xx_hal_flash.o(.bss)
    __initial_sp                             0x20000518   Data           0  startup_stm32l051xx.o(STACK)



==============================================================================

Memory Map of the image

  Image Entry point : 0x080000c1

  Load Region LR_IROM1 (Base: 0x08000000, Size: 0x00002dc4, Max: 0x00010000, ABSOLUTE)

    Execution Region ER_IROM1 (Exec base: 0x08000000, Load base: 0x08000000, Size: 0x00002d90, Max: 0x00010000, ABSOLUTE)

    Exec Addr    Load Addr    Size         Type   Attr      Idx    E Section Name        Object

    0x08000000   0x08000000   0x000000c0   Data   RO            3    RESET               startup_stm32l051xx.o
    0x080000c0   0x080000c0   0x00000000   Code   RO         2747  * .ARM.Collect$$$$00000000  mc_p.l(entry.o)
    0x080000c0   0x080000c0   0x00000004   Code   RO         3015    .ARM.Collect$$$$00000001  mc_p.l(entry2.o)
    0x080000c4   0x080000c4   0x00000004   Code   RO         3018    .ARM.Collect$$$$00000004  mc_p.l(entry5.o)
    0x080000c8   0x080000c8   0x00000000   Code   RO         3020    .ARM.Collect$$$$00000008  mc_p.l(entry7b.o)
    0x080000c8   0x080000c8   0x00000000   Code   RO         3022    .ARM.Collect$$$$0000000A  mc_p.l(entry8b.o)
    0x080000c8   0x080000c8   0x00000008   Code   RO         3023    .ARM.Collect$$$$0000000B  mc_p.l(entry9a.o)
    0x080000d0   0x080000d0   0x00000000   Code   RO         3025    .ARM.Collect$$$$0000000D  mc_p.l(entry10a.o)
    0x080000d0   0x080000d0   0x00000000   Code   RO         3027    .ARM.Collect$$$$0000000F  mc_p.l(entry11a.o)
    0x080000d0   0x080000d0   0x00000004   Code   RO         3016    .ARM.Collect$$$$00002712  mc_p.l(entry2.o)
    0x080000d4   0x080000d4   0x0000001c   Code   RO            4    .text               startup_stm32l051xx.o
    0x080000f0   0x080000f0   0x0000002c   Code   RO         2750    .text               mc_p.l(uidiv.o)
    0x0800011c   0x0800011c   0x00000024   Code   RO         2752    .text               mc_p.l(memseta.o)
    0x08000140   0x08000140   0x00000060   Code   RO         3030    .text               mc_p.l(uldiv.o)
    0x080001a0   0x080001a0   0x00000024   Code   RO         3043    .text               mc_p.l(init.o)
    0x080001c4   0x080001c4   0x00000020   Code   RO         3045    .text               mc_p.l(llshl.o)
    0x080001e4   0x080001e4   0x00000022   Code   RO         3047    .text               mc_p.l(llushr.o)
    0x08000206   0x08000206   0x00000002   PAD
    0x08000208   0x08000208   0x00000048   Code   RO           15    i.ADXL362RegisterRead  adxl362.o
    0x08000250   0x08000250   0x00000044   Code   RO           16    i.ADXL362RegisterWrite  adxl362.o
    0x08000294   0x08000294   0x00000082   Code   RO           17    i.ADXL362_Init      adxl362.o
    0x08000316   0x08000316   0x0000008c   Code   RO           18    i.ADXL362_ReInit    adxl362.o
    0x080003a2   0x080003a2   0x0000000a   Code   RO          491    i.Activate_SPI      spi.o
    0x080003ac   0x080003ac   0x00000028   Code   RO          546    i.Activate_USART1_RXIT  usart.o
    0x080003d4   0x080003d4   0x00000016   Code   RO          201    i.CC1101CalcRSSI_dBm  cc1101.o
    0x080003ea   0x080003ea   0x00000010   Code   RO          202    i.CC1101ClrRXBuff   cc1101.o
    0x080003fa   0x080003fa   0x00000010   Code   RO          203    i.CC1101ClrTXBuff   cc1101.o
    0x0800040a   0x0800040a   0x0000000e   Code   RO          204    i.CC1101GetRXCnt    cc1101.o
    0x08000418   0x08000418   0x00000078   Code   RO          205    i.CC1101Init        cc1101.o
    0x08000490   0x08000490   0x00000054   Code   RO          206    i.CC1101ReadMultiReg  cc1101.o
    0x080004e4   0x080004e4   0x0000003c   Code   RO          208    i.CC1101ReadReg     cc1101.o
    0x08000520   0x08000520   0x0000003c   Code   RO          209    i.CC1101ReadStatus  cc1101.o
    0x0800055c   0x0800055c   0x00000064   Code   RO          210    i.CC1101RecPacket   cc1101.o
    0x080005c0   0x080005c0   0x00000044   Code   RO          211    i.CC1101Reset       cc1101.o
    0x08000604   0x08000604   0x000000d4   Code   RO          212    i.CC1101SendPacket  cc1101.o
    0x080006d8   0x080006d8   0x00000014   Code   RO          213    i.CC1101SetAddress  cc1101.o
    0x080006ec   0x080006ec   0x0000000a   Code   RO          214    i.CC1101SetIdle     cc1101.o
    0x080006f6   0x080006f6   0x00000016   Code   RO          215    i.CC1101SetSYNC     cc1101.o
    0x0800070c   0x0800070c   0x00000036   Code   RO          216    i.CC1101SetTRMode   cc1101.o
    0x08000742   0x08000742   0x00000020   Code   RO          217    i.CC1101SetWORMode  cc1101.o
    0x08000762   0x08000762   0x0000002c   Code   RO          218    i.CC1101WORInit     cc1101.o
    0x0800078e   0x0800078e   0x00000002   PAD
    0x08000790   0x08000790   0x0000002c   Code   RO          219    i.CC1101WriteCmd    cc1101.o
    0x080007bc   0x080007bc   0x00000048   Code   RO          220    i.CC1101WriteMultiReg  cc1101.o
    0x08000804   0x08000804   0x00000038   Code   RO          221    i.CC1101WriteReg    cc1101.o
    0x0800083c   0x0800083c   0x00000038   Code   RO          350    i.DATAEEPROM_Program  main.o
    0x08000874   0x08000874   0x00000030   Code   RO          625    i.EXTI0_1_IRQHandler  stm32l0xx_it.o
    0x080008a4   0x080008a4   0x00000028   Code   RO          626    i.EXTI2_3_IRQHandler  stm32l0xx_it.o
    0x080008cc   0x080008cc   0x00000024   Code   RO          627    i.EXTI4_15_IRQHandler  stm32l0xx_it.o
    0x080008f0   0x080008f0   0x00000064   Code   RO          547    i.Error_Callback    usart.o
    0x08000954   0x08000954   0x00000090   Code   RO         1780    i.FLASH_SetErrorCode  stm32l0xx_hal_flash.o
    0x080009e4   0x080009e4   0x00000070   Code   RO         1781    i.FLASH_WaitForLastOperation  stm32l0xx_hal_flash.o
    0x08000a54   0x08000a54   0x0000001c   Code   RO          353    i.Get_SerialNum     main.o
    0x08000a70   0x08000a70   0x0000001c   Code   RO          895    i.HAL_Delay         stm32l0xx_hal.o
    0x08000a8c   0x08000a8c   0x00000010   Code   RO         1881    i.HAL_FLASHEx_DATAEEPROM_DisableFixedTimeProgram  stm32l0xx_hal_flash_ex.o
    0x08000a9c   0x08000a9c   0x00000010   Code   RO         1882    i.HAL_FLASHEx_DATAEEPROM_EnableFixedTimeProgram  stm32l0xx_hal_flash_ex.o
    0x08000aac   0x08000aac   0x00000028   Code   RO         1883    i.HAL_FLASHEx_DATAEEPROM_Erase  stm32l0xx_hal_flash_ex.o
    0x08000ad4   0x08000ad4   0x00000014   Code   RO         1884    i.HAL_FLASHEx_DATAEEPROM_Lock  stm32l0xx_hal_flash_ex.o
    0x08000ae8   0x08000ae8   0x00000054   Code   RO         1885    i.HAL_FLASHEx_DATAEEPROM_Program  stm32l0xx_hal_flash_ex.o
    0x08000b3c   0x08000b3c   0x00000034   Code   RO         1886    i.HAL_FLASHEx_DATAEEPROM_Unlock  stm32l0xx_hal_flash_ex.o
    0x08000b70   0x08000b70   0x0000000a   Code   RO         1991    i.HAL_GPIO_ReadPin  stm32l0xx_hal_gpio.o
    0x08000b7a   0x08000b7a   0x0000000c   Code   RO         1993    i.HAL_GPIO_WritePin  stm32l0xx_hal_gpio.o
    0x08000b86   0x08000b86   0x00000002   PAD
    0x08000b88   0x08000b88   0x0000000c   Code   RO          899    i.HAL_GetTick       stm32l0xx_hal.o
    0x08000b94   0x08000b94   0x00000010   Code   RO          903    i.HAL_IncTick       stm32l0xx_hal.o
    0x08000ba4   0x08000ba4   0x00000028   Code   RO          904    i.HAL_Init          stm32l0xx_hal.o
    0x08000bcc   0x08000bcc   0x00000030   Code   RO          905    i.HAL_InitTick      stm32l0xx_hal.o
    0x08000bfc   0x08000bfc   0x00000018   Code   RO          711    i.HAL_MspInit       stm32l0xx_hal_msp.o
    0x08000c14   0x08000c14   0x00000008   Code   RO         2320    i.HAL_NVIC_SetPriority  stm32l0xx_hal_cortex.o
    0x08000c1c   0x08000c1c   0x00000164   Code   RO         1676    i.HAL_RCCEx_PeriphCLKConfig  stm32l0xx_hal_rcc_ex.o
    0x08000d80   0x08000d80   0x0000016c   Code   RO         1578    i.HAL_RCC_ClockConfig  stm32l0xx_hal_rcc.o
    0x08000eec   0x08000eec   0x00000078   Code   RO         1586    i.HAL_RCC_GetSysClockFreq  stm32l0xx_hal_rcc.o
    0x08000f64   0x08000f64   0x0000041c   Code   RO         1589    i.HAL_RCC_OscConfig  stm32l0xx_hal_rcc.o
    0x08001380   0x08001380   0x00000030   Code   RO         2324    i.HAL_SYSTICK_Config  stm32l0xx_hal_cortex.o
    0x080013b0   0x080013b0   0x00000002   Code   RO          628    i.HardFault_Handler  stm32l0xx_it.o
    0x080013b2   0x080013b2   0x00000002   PAD
    0x080013b4   0x080013b4   0x00000018   Code   RO          548    i.LL_APB2_GRP1_EnableClock  usart.o
    0x080013cc   0x080013cc   0x000000a0   Code   RO         2606    i.LL_EXTI_Init      stm32l0xx_ll_exti.o
    0x0800146c   0x0800146c   0x00000014   Code   RO          629    i.LL_EXTI_IsActiveFlag_0_31  stm32l0xx_it.o
    0x08001480   0x08001480   0x000000a8   Code   RO          732    i.LL_GPIO_Init      stm32l0xx_ll_gpio.o
    0x08001528   0x08001528   0x00000014   Code   RO          434    i.LL_GPIO_SetPinMode  gpio.o
    0x0800153c   0x0800153c   0x00000014   Code   RO          435    i.LL_GPIO_SetPinPull  gpio.o
    0x08001550   0x08001550   0x00000018   Code   RO          436    i.LL_IOP_GRP1_EnableClock  gpio.o
    0x08001568   0x08001568   0x00000018   Code   RO          492    i.LL_IOP_GRP1_EnableClock  spi.o
    0x08001580   0x08001580   0x00000018   Code   RO          549    i.LL_IOP_GRP1_EnableClock  usart.o
    0x08001598   0x08001598   0x00000090   Code   RO         2428    i.LL_RCC_GetUSARTClockFreq  stm32l0xx_ll_rcc.o
    0x08001628   0x08001628   0x00000010   Code   RO         2429    i.LL_RCC_GetUSARTClockSource  stm32l0xx_ll_rcc.o
    0x08001638   0x08001638   0x00000010   Code   RO         2430    i.LL_RCC_HSI_IsReady  stm32l0xx_ll_rcc.o
    0x08001648   0x08001648   0x00000010   Code   RO         2431    i.LL_RCC_IsActiveFlag_HSIDIV  stm32l0xx_ll_rcc.o
    0x08001658   0x08001658   0x00000010   Code   RO         2432    i.LL_RCC_LSE_IsReady  stm32l0xx_ll_rcc.o
    0x08001668   0x08001668   0x0000006c   Code   RO          784    i.LL_SPI_Init       stm32l0xx_ll_spi.o
    0x080016d4   0x080016d4   0x00000020   Code   RO          437    i.LL_SYSCFG_SetEXTISource  gpio.o
    0x080016f4   0x080016f4   0x00000048   Code   RO         2670    i.LL_USART_DeInit   stm32l0xx_ll_usart.o
    0x0800173c   0x0800173c   0x000000a8   Code   RO         2671    i.LL_USART_Init     stm32l0xx_ll_usart.o
    0x080017e4   0x080017e4   0x000002c8   Code   RO          438    i.MX_GPIO_Init      gpio.o
    0x08001aac   0x08001aac   0x000000ac   Code   RO          493    i.MX_SPI1_Init      spi.o
    0x08001b58   0x08001b58   0x000000ac   Code   RO          494    i.MX_SPI2_Init      spi.o
    0x08001c04   0x08001c04   0x000000b4   Code   RO          551    i.MX_USART1_UART_Init  usart.o
    0x08001cb8   0x08001cb8   0x00000002   Code   RO          630    i.NMI_Handler       stm32l0xx_it.o
    0x08001cba   0x08001cba   0x00000002   PAD
    0x08001cbc   0x08001cbc   0x00000044   Code   RO          439    i.NVIC_SetPriority  gpio.o
    0x08001d00   0x08001d00   0x00000044   Code   RO         2326    i.NVIC_SetPriority  stm32l0xx_hal_cortex.o
    0x08001d44   0x08001d44   0x00000002   Code   RO          631    i.PendSV_Handler    stm32l0xx_it.o
    0x08001d46   0x08001d46   0x00000002   PAD
    0x08001d48   0x08001d48   0x0000001c   Code   RO         2433    i.RCC_GetHCLKClockFreq  stm32l0xx_ll_rcc.o
    0x08001d64   0x08001d64   0x00000018   Code   RO         2434    i.RCC_GetPCLK1ClockFreq  stm32l0xx_ll_rcc.o
    0x08001d7c   0x08001d7c   0x00000018   Code   RO         2435    i.RCC_GetPCLK2ClockFreq  stm32l0xx_ll_rcc.o
    0x08001d94   0x08001d94   0x00000054   Code   RO         2436    i.RCC_GetSystemClockFreq  stm32l0xx_ll_rcc.o
    0x08001de8   0x08001de8   0x00000050   Code   RO         2437    i.RCC_PLL_GetFreqDomain_SYS  stm32l0xx_ll_rcc.o
    0x08001e38   0x08001e38   0x00000030   Code   RO          222    i.RFIDInitial       cc1101.o
    0x08001e68   0x08001e68   0x000001c0   Code   RO          354    i.RF_RecvHandler    main.o
    0x08002028   0x08002028   0x000003e0   Code   RO          355    i.RF_SendPacket     main.o
    0x08002408   0x08002408   0x00000018   Code   RO          495    i.SPI_ExchangeByte  spi.o
    0x08002420   0x08002420   0x00000002   Code   RO          632    i.SVC_Handler       stm32l0xx_it.o
    0x08002422   0x08002422   0x00000002   PAD
    0x08002424   0x08002424   0x000000d8   Code   RO          356    i.Set_DeviceInfo    main.o
    0x080024fc   0x080024fc   0x000001fc   Code   RO          357    i.Show_Message      main.o
    0x080026f8   0x080026f8   0x00000034   Code   RO          496    i.SpiFunction       spi.o
    0x0800272c   0x0800272c   0x00000008   Code   RO          633    i.SysTick_Handler   stm32l0xx_it.o
    0x08002734   0x08002734   0x00000078   Code   RO          358    i.SystemClock_Config  main.o
    0x080027ac   0x080027ac   0x00000054   Code   RO         2716    i.SystemInit        system_stm32l0xx.o
    0x08002800   0x08002800   0x000000f0   Code   RO          359    i.System_Initial    main.o
    0x080028f0   0x080028f0   0x00000024   Code   RO          634    i.USART1_IRQHandler  stm32l0xx_it.o
    0x08002914   0x08002914   0x0000004c   Code   RO          553    i.USART_CharReception_Callback  usart.o
    0x08002960   0x08002960   0x00000020   Code   RO         2887    i.__0printf$5       mc_p.l(printf5.o)
    0x08002980   0x08002980   0x0000001a   Code   RO          426    i.__ARM_common_switch8  main.o
    0x0800299a   0x0800299a   0x0000000e   Code   RO         3057    i.__scatterload_copy  mc_p.l(handlers.o)
    0x080029a8   0x080029a8   0x00000002   Code   RO         3058    i.__scatterload_null  mc_p.l(handlers.o)
    0x080029aa   0x080029aa   0x0000000e   Code   RO         3059    i.__scatterload_zeroinit  mc_p.l(handlers.o)
    0x080029b8   0x080029b8   0x000002dc   Code   RO         2894    i._printf_core      mc_p.l(printf5.o)
    0x08002c94   0x08002c94   0x00000010   Code   RO          554    i.fputc             usart.o
    0x08002ca4   0x08002ca4   0x0000004c   Code   RO          360    i.main              main.o
    0x08002cf0   0x08002cf0   0x0000005e   Data   RO          223    .constdata          cc1101.o
    0x08002d4e   0x08002d4e   0x00000019   Data   RO         2717    .constdata          system_stm32l0xx.o
    0x08002d67   0x08002d67   0x00000008   Data   RO         2718    .constdata          system_stm32l0xx.o
    0x08002d6f   0x08002d6f   0x00000001   PAD
    0x08002d70   0x08002d70   0x00000020   Data   RO         3055    Region$$Table       anon$$obj.o


    Execution Region RW_IRAM1 (Exec base: 0x20000000, Load base: 0x08002d90, Size: 0x00000518, Max: 0x00002000, ABSOLUTE)

    Exec Addr    Load Addr    Size         Type   Attr      Idx    E Section Name        Object

    0x20000000   0x08002d90   0x00000008   Data   RW          224    .data               cc1101.o
    0x20000008   0x08002d98   0x0000001c   Data   RW          362    .data               main.o
    0x20000024   0x08002db4   0x00000002   Data   RW          556    .data               usart.o
    0x20000026   0x08002db6   0x00000001   Data   RW          635    .data               stm32l0xx_it.o
    0x20000027   0x08002db7   0x00000001   PAD
    0x20000028   0x08002db8   0x00000004   Data   RW          914    .data               stm32l0xx_hal.o
    0x2000002c   0x08002dbc   0x00000004   Data   RW         2719    .data               system_stm32l0xx.o
    0x20000030   0x08002dc0   0x00000004   Data   RW         3029    .data               mc_p.l(stdout.o)
    0x20000034        -       0x000000b8   Zero   RW          361    .bss                main.o
    0x200000ec        -       0x0000000e   Zero   RW          555    .bss                usart.o
    0x200000fa   0x08002dc4   0x00000002   PAD
    0x200000fc        -       0x00000018   Zero   RW         1793    .bss                stm32l0xx_hal_flash.o
    0x20000114   0x08002dc4   0x00000004   PAD
    0x20000118        -       0x00000400   Zero   RW            1    STACK               startup_stm32l051xx.o


==============================================================================

Image component sizes


      Code (inc. data)   RO Data    RW Data    ZI Data      Debug   Object Name

       410         18          0          0          0     274089   adxl362.o
      1174         74         94          8          0      12909   cc1101.o
       876         36          0          0          0      24667   gpio.o
      2710        736          0         28        184       8254   main.o
       454         28          0          0          0      17734   spi.o
        28          8        192          0       1024        628   startup_stm32l051xx.o
       144         20          0          4          0       3739   stm32l0xx_hal.o
       124         18          0          0          0      10012   stm32l0xx_hal_cortex.o
       256         16          0          0         24       3182   stm32l0xx_hal_flash.o
       228         44          0          0          0       4075   stm32l0xx_hal_flash_ex.o
        22          0          0          0          0       1947   stm32l0xx_hal_gpio.o
        24          4          0          0          0        438   stm32l0xx_hal_msp.o
      1536         66          0          0          0       4378   stm32l0xx_hal_rcc.o
       356         14          0          0          0       1444   stm32l0xx_hal_rcc_ex.o
       196         38          0          1          0      25834   stm32l0xx_it.o
       160          4          0          0          0       5151   stm32l0xx_ll_exti.o
       168          0          0          0          0       7015   stm32l0xx_ll_gpio.o
       448        102          0          0          0      20207   stm32l0xx_ll_rcc.o
       108          6          0          0          0      17950   stm32l0xx_ll_spi.o
       240         32          0          0          0      22006   stm32l0xx_ll_usart.o
        84         18         33          4          0       1223   system_stm32l0xx.o
       460         56          0          2         14      34387   usart.o

    ----------------------------------------------------------------------
     10218       1338        352         48       1252     501269   Object Totals
         0          0         32          0          0          0   (incl. Generated)
        12          0          1          1          6          0   (incl. Padding)

    ----------------------------------------------------------------------

      Code (inc. data)   RO Data    RW Data    ZI Data      Debug   Library Member Name

         0          0          0          0          0          0   entry.o
         0          0          0          0          0          0   entry10a.o
         0          0          0          0          0          0   entry11a.o
         8          4          0          0          0          0   entry2.o
         4          0          0          0          0          0   entry5.o
         0          0          0          0          0          0   entry7b.o
         0          0          0          0          0          0   entry8b.o
         8          4          0          0          0          0   entry9a.o
        30          0          0          0          0          0   handlers.o
        36          8          0          0          0         68   init.o
        32          0          0          0          0         68   llshl.o
        34          0          0          0          0         68   llushr.o
        36          0          0          0          0        100   memseta.o
       764         52          0          0          0        168   printf5.o
         0          0          0          4          0          0   stdout.o
        44          0          0          0          0         72   uidiv.o
        96          0          0          0          0         84   uldiv.o

    ----------------------------------------------------------------------
      1094         68          0          4          0        628   Library Totals
         2          0          0          0          0          0   (incl. Padding)

    ----------------------------------------------------------------------

      Code (inc. data)   RO Data    RW Data    ZI Data      Debug   Library Name

      1092         68          0          4          0        628   mc_p.l

    ----------------------------------------------------------------------
      1094         68          0          4          0        628   Library Totals

    ----------------------------------------------------------------------

==============================================================================


      Code (inc. data)   RO Data    RW Data    ZI Data      Debug   

     11312       1406        352         52       1252     497429   Grand Totals
     11312       1406        352         52       1252     497429   ELF Image Totals
     11312       1406        352         52          0          0   ROM Totals

==============================================================================

    Total RO  Size (Code + RO Data)                11664 (  11.39kB)
    Total RW  Size (RW Data + ZI Data)              1304 (   1.27kB)
    Total ROM Size (Code + RO Data + RW Data)      11716 (  11.44kB)

==============================================================================

